Component: ARM Compiler 5.06 update 3 (build 300) Tool: armlink [4d35c9]

==============================================================================

Section Cross References

    main.o(i.Delay_ms) refers to main.o(.data) for msTimer
    main.o(i.main) refers to _printf_percent.o(.ARM.Collect$$_printf_percent$$00000000) for _printf_percent
    main.o(i.main) refers to _printf_f.o(.ARM.Collect$$_printf_percent$$00000003) for _printf_f
    main.o(i.main) refers to _printf_s.o(.ARM.Collect$$_printf_percent$$00000014) for _printf_s
    main.o(i.main) refers to printf1.o(x$fpl$printf1) for _printf_fp_dec
    main.o(i.main) refers to _printf_str.o(.text) for _printf_str
    main.o(i.main) refers to _printf_pad.o(.text) for _printf_pre_padding
    main.o(i.main) refers to _printf_d.o(.ARM.Collect$$_printf_percent$$00000009) for _printf_d
    main.o(i.main) refers to _printf_dec.o(.text) for _printf_int_dec
    main.o(i.main) refers to led.o(i.Init_Led) for Init_Led
    main.o(i.main) refers to key.o(i.Init_KEY) for Init_KEY
    main.o(i.main) refers to usart.o(i.Init_Usart) for Init_Usart
    main.o(i.main) refers to adc.o(i.Init_Adc) for Init_Adc
    main.o(i.main) refers to i2c.o(i.i2c_init) for i2c_init
    main.o(i.main) refers to rtc.o(i.Init_RTC) for Init_RTC
    main.o(i.main) refers to tim.o(i.Init_TIM) for Init_TIM
    main.o(i.main) refers to pwm.o(i.Init_PWM) for Init_PWM
    main.o(i.main) refers to pwm.o(i.PWM_Ctrl) for PWM_Ctrl
    main.o(i.main) refers to lcd.o(i.STM3210B_LCD_Init) for STM3210B_LCD_Init
    main.o(i.main) refers to lcd.o(i.LCD_Clear) for LCD_Clear
    main.o(i.main) refers to lcd.o(i.LCD_SetBackColor) for LCD_SetBackColor
    main.o(i.main) refers to lcd.o(i.LCD_SetTextColor) for LCD_SetTextColor
    main.o(i.main) refers to led.o(i.LED_Control) for LED_Control
    main.o(i.main) refers to usart.o(i.USART_SendString) for USART_SendString
    main.o(i.main) refers to adc.o(i.Read_ADC) for Read_ADC
    main.o(i.main) refers to f2d.o(x$fpl$f2d) for __aeabi_f2d
    main.o(i.main) refers to noretval__2sprintf.o(.text) for __2sprintf
    main.o(i.main) refers to lcd.o(i.LCD_DisplayStringLine) for LCD_DisplayStringLine
    main.o(i.main) refers to stm32f10x_rtc.o(i.RTC_GetCounter) for RTC_GetCounter
    main.o(i.main) refers to main.o(i.x24c02_read) for x24c02_read
    main.o(i.main) refers to system_stm32f10x.o(.data) for SystemCoreClock
    main.o(i.main) refers to main.o(.data) for Status_ADC
    main.o(i.main) refers to rtc.o(.data) for TimeDisplay
    main.o(i.x24c02_read) refers to i2c.o(i.I2CStart) for I2CStart
    main.o(i.x24c02_read) refers to i2c.o(i.I2CSendByte) for I2CSendByte
    main.o(i.x24c02_read) refers to i2c.o(i.I2CWaitAck) for I2CWaitAck
    main.o(i.x24c02_read) refers to i2c.o(i.I2CReceiveByte) for I2CReceiveByte
    main.o(i.x24c02_read) refers to i2c.o(i.I2CStop) for I2CStop
    main.o(i.x24c02_write) refers to i2c.o(i.I2CStart) for I2CStart
    main.o(i.x24c02_write) refers to i2c.o(i.I2CSendByte) for I2CSendByte
    main.o(i.x24c02_write) refers to i2c.o(i.I2CWaitAck) for I2CWaitAck
    main.o(i.x24c02_write) refers to i2c.o(i.I2CStop) for I2CStop
    stm32f10x_it.o(i.SysTick_Handler) refers to main.o(.data) for msTimer
    i2c.o(i.I2CReceiveByte) refers to i2c.o(i.SDA_Input_Mode) for SDA_Input_Mode
    i2c.o(i.I2CReceiveByte) refers to i2c.o(i.SCL_Output) for SCL_Output
    i2c.o(i.I2CReceiveByte) refers to i2c.o(i.delay1) for delay1
    i2c.o(i.I2CReceiveByte) refers to i2c.o(i.SDA_Input) for SDA_Input
    i2c.o(i.I2CReceiveByte) refers to i2c.o(i.SDA_Output_Mode) for SDA_Output_Mode
    i2c.o(i.I2CSendAck) refers to i2c.o(i.SDA_Output) for SDA_Output
    i2c.o(i.I2CSendAck) refers to i2c.o(i.delay1) for delay1
    i2c.o(i.I2CSendAck) refers to i2c.o(i.SCL_Output) for SCL_Output
    i2c.o(i.I2CSendByte) refers to i2c.o(i.SCL_Output) for SCL_Output
    i2c.o(i.I2CSendByte) refers to i2c.o(i.delay1) for delay1
    i2c.o(i.I2CSendByte) refers to i2c.o(i.SDA_Output) for SDA_Output
    i2c.o(i.I2CSendNotAck) refers to i2c.o(i.SDA_Output) for SDA_Output
    i2c.o(i.I2CSendNotAck) refers to i2c.o(i.delay1) for delay1
    i2c.o(i.I2CSendNotAck) refers to i2c.o(i.SCL_Output) for SCL_Output
    i2c.o(i.I2CStart) refers to i2c.o(i.SDA_Output) for SDA_Output
    i2c.o(i.I2CStart) refers to i2c.o(i.delay1) for delay1
    i2c.o(i.I2CStart) refers to i2c.o(i.SCL_Output) for SCL_Output
    i2c.o(i.I2CStop) refers to i2c.o(i.SCL_Output) for SCL_Output
    i2c.o(i.I2CStop) refers to i2c.o(i.delay1) for delay1
    i2c.o(i.I2CStop) refers to i2c.o(i.SDA_Output) for SDA_Output
    i2c.o(i.I2CWaitAck) refers to i2c.o(i.SDA_Input_Mode) for SDA_Input_Mode
    i2c.o(i.I2CWaitAck) refers to i2c.o(i.delay1) for delay1
    i2c.o(i.I2CWaitAck) refers to i2c.o(i.SCL_Output) for SCL_Output
    i2c.o(i.I2CWaitAck) refers to i2c.o(i.SDA_Output_Mode) for SDA_Output_Mode
    i2c.o(i.I2CWaitAck) refers to i2c.o(i.I2CStop) for I2CStop
[...]
    ../clib/signal.c                         0x00000000   Number         0  defsig_cppl_inner.o ABSOLUTE
    ../clib/signal.c                         0x00000000   Number         0  defsig_pvfn_inner.o ABSOLUTE
    ../clib/signal.c                         0x00000000   Number         0  defsig_rtred_inner.o ABSOLUTE
    ../clib/signal.c                         0x00000000   Number         0  defsig_fpe_inner.o ABSOLUTE
    ../clib/signal.c                         0x00000000   Number         0  defsig_abrt_inner.o ABSOLUTE
    ../clib/signal.c                         0x00000000   Number         0  defsig_general.o ABSOLUTE
    ../clib/signal.c                         0x00000000   Number         0  __raise.o ABSOLUTE
    ../clib/signal.c                         0x00000000   Number         0  defsig_rtmem_inner.o ABSOLUTE
    ../clib/signal.c                         0x00000000   Number         0  defsig_exit.o ABSOLUTE
    ../clib/signal.c                         0x00000000   Number         0  defsig_rtmem_formal.o ABSOLUTE
    ../clib/signal.c                         0x00000000   Number         0  defsig_rtmem_outer.o ABSOLUTE
    ../clib/signal.c                         0x00000000   Number         0  defsig_stak_inner.o ABSOLUTE
    ../clib/signal.s                         0x00000000   Number         0  defsig.o ABSOLUTE
    ../clib/stdlib.c                         0x00000000   Number         0  exit.o ABSOLUTE
    ../fplib/d2f.s                           0x00000000   Number         0  d2f.o ABSOLUTE
    ../fplib/ddiv.s                          0x00000000   Number         0  ddiv.o ABSOLUTE
    ../fplib/dflt.s                          0x00000000   Number         0  dflt_clz.o ABSOLUTE
    ../fplib/dmul.s                          0x00000000   Number         0  dmul.o ABSOLUTE
    ../fplib/dnaninf.s                       0x00000000   Number         0  dnaninf.o ABSOLUTE
    ../fplib/dretinf.s                       0x00000000   Number         0  dretinf.o ABSOLUTE
    ../fplib/f2d.s                           0x00000000   Number         0  f2d.o ABSOLUTE
    ../fplib/fnaninf.s                       0x00000000   Number         0  fnaninf.o ABSOLUTE
    ../fplib/fpinit.s                        0x00000000   Number         0  fpinit.o ABSOLUTE
    ../fplib/fretinf.s                       0x00000000   Number         0  fretinf.o ABSOLUTE
    ../fplib/istatus.s                       0x00000000   Number         0  istatus.o ABSOLUTE
    ../fplib/printf1.s                       0x00000000   Number         0  printf1.o ABSOLUTE
    ../fplib/usenofp.s                       0x00000000   Number         0  usenofp.o ABSOLUTE
    ../mathlib/fpclassify.c                  0x00000000   Number         0  fpclassify.o ABSOLUTE
    ..\CORE\core_cm3.c                       0x00000000   Number         0  core_cm3.o ABSOLUTE
    ..\CORE\startup_stm32f10x_md.s           0x00000000   Number         0  startup_stm32f10x_md.o ABSOLUTE
    ..\CORE\system_stm32f10x.c               0x00000000   Number         0  system_stm32f10x.o ABSOLUTE
    ..\FWLIB\src\misc.c                      0x00000000   Number         0  misc.o ABSOLUTE
    ..\FWLIB\src\stm32f10x_adc.c             0x00000000   Number         0  stm32f10x_adc.o ABSOLUTE
    ..\FWLIB\src\stm32f10x_bkp.c             0x00000000   Number         0  stm32f10x_bkp.o ABSOLUTE
    ..\FWLIB\src\stm32f10x_exti.c            0x00000000   Number         0  stm32f10x_exti.o ABSOLUTE
    ..\FWLIB\src\stm32f10x_gpio.c            0x00000000   Number         0  stm32f10x_gpio.o ABSOLUTE
    ..\FWLIB\src\stm32f10x_i2c.c             0x00000000   Number         0  stm32f10x_i2c.o ABSOLUTE
    ..\FWLIB\src\stm32f10x_pwr.c             0x00000000   Number         0  stm32f10x_pwr.o ABSOLUTE
    ..\FWLIB\src\stm32f10x_rcc.c             0x00000000   Number         0  stm32f10x_rcc.o ABSOLUTE
    ..\FWLIB\src\stm32f10x_rtc.c             0x00000000   Number         0  stm32f10x_rtc.o ABSOLUTE
    ..\FWLIB\src\stm32f10x_sdio.c            0x00000000   Number         0  stm32f10x_sdio.o ABSOLUTE
    ..\FWLIB\src\stm32f10x_tim.c             0x00000000   Number         0  stm32f10x_tim.o ABSOLUTE
    ..\FWLIB\src\stm32f10x_usart.c           0x00000000   Number         0  stm32f10x_usart.o ABSOLUTE
    ..\USER\i2c.c                            0x00000000   Number         0  i2c.o ABSOLUTE
    ..\USER\lcd.c                            0x00000000   Number         0  lcd.o ABSOLUTE
    ..\USER\main.c                           0x00000000   Number         0  main.o ABSOLUTE
    ..\USER\src\adc.c                        0x00000000   Number         0  adc.o ABSOLUTE
    ..\USER\src\key.c                        0x00000000   Number         0  key.o ABSOLUTE
    ..\USER\src\led.c                        0x00000000   Number         0  led.o ABSOLUTE
    ..\USER\src\pwm.c                        0x00000000   Number         0  pwm.o ABSOLUTE
    ..\USER\src\rtc.c                        0x00000000   Number         0  rtc.o ABSOLUTE
    ..\USER\src\tim.c                        0x00000000   Number         0  tim.o ABSOLUTE
    ..\USER\src\usart.c                      0x00000000   Number         0  usart.o ABSOLUTE
    ..\USER\stm32f10x_it.c                   0x00000000   Number         0  stm32f10x_it.o ABSOLUTE
    ..\\CORE\\core_cm3.c                     0x00000000   Number         0  core_cm3.o ABSOLUTE
    dc.s                                     0x00000000   Number         0  dc.o ABSOLUTE
    RESET                                    0x08000000   Section      236  startup_stm32f10x_md.o(RESET)
    !!!main                                  0x080000ec   Section        8  __main.o(!!!main)
    !!!scatter                               0x080000f4   Section       52  __scatter.o(!!!scatter)
    !!handler_copy                           0x08000128   Section       26  __scatter_copy.o(!!handler_copy)
    !!handler_zi                             0x08000144   Section       28  __scatter_zi.o(!!handler_zi)
    .ARM.Collect$$_printf_percent$$00000000  0x08000160   Section        0  _printf_percent.o(.ARM.Collect$$_printf_percent$$00000000)
    .ARM.Collect$$_printf_percent$$00000003  0x08000160   Section        6  _printf_f.o(.ARM.Collect$$_printf_percent$$00000003)
    .ARM.Collect$$_printf_percent$$00000009  0x08000166   Section        6  _printf_d.o(.ARM.Collect$$_printf_percent$$00000009)
    .ARM.Collect$$_printf_percent$$00000014  0x0800016c   Section        6  _printf_s.o(.ARM.Collect$$_printf_percent$$00000014)
    .ARM.Collect$$_printf_percent$$00000017  0x08000172   Section        4  _printf_percent_end.o(.ARM.Collect$$_printf_percent$$00000017)
    .ARM.Collect$$libinit$$00000000          0x08000176   Section        2  libinit.o(.ARM.Collect$$libinit$$00000000)
    .ARM.Collect$$libinit$$00000002          0x08000178   Section        0  libinit2.o(.ARM.Collect$$libinit$$00000002)
    .ARM.Collect$$libinit$$00000004          0x08000178   Section        0  libinit2.o(.ARM.Collect$$libinit$$00000004)
    .ARM.Collect$$libinit$$0000000A          0x08000178   Section        0  libinit2.o(.ARM.Collect$$libinit$$0000000A)
    .ARM.Collect$$libinit$$0000000C          0x08000178   Section        0  libinit2.o(.ARM.Collect$$libinit$$0000000C)
    .ARM.Collect$$libinit$$0000000E          0x08000178   Section        0  libinit2.o(.ARM.Collect$$libinit$$0000000E)
    .ARM.Collect$$libinit$$0000000F          0x08000178   Section        6  libinit2.o(.ARM.Collect$$libinit$$0000000F)
    .ARM.Collect$$libinit$$00000011          0x0800017e   Section        0  libinit2.o(.ARM.Collect$$libinit$$00000011)
    .ARM.Collect$$libinit$$00000013          0x0800017e   Section        0  libinit2.o(.ARM.Collect$$libinit$$00000013)
    .ARM.Collect$$libinit$$00000015          0x0800017e   Section        0  libinit2.o(.ARM.Collect$$libinit$$00000015)
    .ARM.Collect$$libinit$$00000016          0x0800017e   Section       10  libinit2.o(.ARM.Collect$$libinit$$00000016)
    .ARM.Collect$$libinit$$00000017          0x08000188   Section        0  libinit2.o(.ARM.Collect$$libinit$$00000017)
    .ARM.Collect$$libinit$$00000019          0x08000188   Section        0  libinit2.o(.ARM.Collect$$libinit$$00000019)
    .ARM.Collect$$libinit$$0000001B          0x08000188   Section        0  libinit2.o(.ARM.Collect$$libinit$$0000001B)
    .ARM.Collect$$libinit$$0000001D          0x08000188   Section        0  libinit2.o(.ARM.Collect$$libinit$$0000001D)
    .ARM.Collect$$libinit$$0000001F          0x08000188   Section        0  libinit2.o(.ARM.Collect$$libinit$$0000001F)
    .ARM.Collect$$libinit$$00000021          0x08000188   Section        0  libinit2.o(.ARM.Collect$$libinit$$00000021)
    .ARM.Collect$$libinit$$00000023          0x08000188   Section        0  libinit2.o(.ARM.Collect$$libinit$$00000023)
    .ARM.Collect$$libinit$$00000025          0x08000188   Section        0  libinit2.o(.ARM.Collect$$libinit$$00000025)
    .ARM.Collect$$libinit$$0000002C          0x08000188   Section        0  libinit2.o(.ARM.Collect$$libinit$$0000002C)
    .ARM.Collect$$libinit$$0000002E          0x08000188   Section        0  libinit2.o(.ARM.Collect$$libinit$$0000002E)
    .ARM.Collect$$libinit$$00000030          0x08000188   Section        0  libinit2.o(.ARM.Collect$$libinit$$00000030)
    .ARM.Collect$$libinit$$00000032          0x08000188   Section        0  libinit2.o(.ARM.Collect$$libinit$$00000032)
    .ARM.Collect$$libinit$$00000033          0x08000188   Section        2  libinit2.o(.ARM.Collect$$libinit$$00000033)
    .ARM.Collect$$libshutdown$$00000000      0x0800018a   Section        2  libshutdown.o(.ARM.Collect$$libshutdown$$00000000)
    .ARM.Collect$$libshutdown$$00000002      0x0800018c   Section        0  libshutdown2.o(.ARM.Collect$$libshutdown$$00000002)
    .ARM.Collect$$libshutdown$$00000004      0x0800018c   Section        0  libshutdown2.o(.ARM.Collect$$libshutdown$$00000004)
    .ARM.Collect$$libshutdown$$00000007      0x0800018c   Section        0  libshutdown2.o(.ARM.Collect$$libshutdown$$00000007)
    .ARM.Collect$$libshutdown$$0000000A      0x0800018c   Section        0  libshutdown2.o(.ARM.Collect$$libshutdown$$0000000A)
    .ARM.Collect$$libshutdown$$0000000C      0x0800018c   Section        0  libshutdown2.o(.ARM.Collect$$libshutdown$$0000000C)
    .ARM.Collect$$libshutdown$$0000000F      0x0800018c   Section        0  libshutdown2.o(.ARM.Collect$$libshutdown$$0000000F)
    .ARM.Collect$$libshutdown$$00000010      0x0800018c   Section        2  libshutdown2.o(.ARM.Collect$$libshutdown$$00000010)
    .ARM.Collect$$rtentry$$00000000          0x0800018e   Section        0  __rtentry.o(.ARM.Collect$$rtentry$$00000000)
    .ARM.Collect$$rtentry$$00000002          0x0800018e   Section        0  __rtentry2.o(.ARM.Collect$$rtentry$$00000002)
    .ARM.Collect$$rtentry$$00000004          0x0800018e   Section        6  __rtentry4.o(.ARM.Collect$$rtentry$$00000004)
    .ARM.Collect$$rtentry$$00000009          0x08000194   Section        0  __rtentry2.o(.ARM.Collect$$rtentry$$00000009)
    .ARM.Collect$$rtentry$$0000000A          0x08000194   Section        4  __rtentry2.o(.ARM.Collect$$rtentry$$0000000A)
    .ARM.Collect$$rtentry$$0000000C          0x08000198   Section        0  __rtentry2.o(.ARM.Collect$$rtentry$$0000000C)
    .ARM.Collect$$rtentry$$0000000D          0x08000198   Section        8  __rtentry2.o(.ARM.Collect$$rtentry$$0000000D)
    .ARM.Collect$$rtexit$$00000000           0x080001a0   Section        2  rtexit.o(.ARM.Collect$$rtexit$$00000000)
    .ARM.Collect$$rtexit$$00000002           0x080001a2   Section        0  rtexit2.o(.ARM.Collect$$rtexit$$00000002)
    .ARM.Collect$$rtexit$$00000003           0x080001a2   Section        4  rtexit2.o(.ARM.Collect$$rtexit$$00000003)
    .ARM.Collect$$rtexit$$00000004           0x080001a6   Section        6  rtexit2.o(.ARM.Collect$$rtexit$$00000004)
    .text                                    0x080001ac   Section       64  startup_stm32f10x_md.o(.text)
    .text                                    0x080001ec   Section        0  noretval__2sprintf.o(.text)
    .text                                    0x08000214   Section        0  _printf_pad.o(.text)
    .text                                    0x08000262   Section        0  _printf_str.o(.text)
    .text                                    0x080002b4   Section        0  _printf_dec.o(.text)
    .text                                    0x0800032c   Section        0  __printf_flags_wp.o(.text)
    .text                                    0x08000464   Section        0  heapauxi.o(.text)
    .text                                    0x0800046a   Section        0  _printf_intcommon.o(.text)
    .text                                    0x0800051c   Section        0  _printf_fp_dec.o(.text)
    _fp_digits                               0x0800051f   Thumb Code   428  _printf_fp_dec.o(.text)
    .text                                    0x08000938   Section        0  _printf_char_common.o(.text)
    _printf_input_char                       0x08000939   Thumb Code    10  _printf_char_common.o(.text)
    .text                                    0x08000968   Section        0  _sputc.o(.text)
    .text                                    0x08000972   Section        0  _printf_char.o(.text)
    .text                                    0x080009a0   Section        8  rt_locale_intlibspace.o(.text)
    .text                                    0x080009a8   Section      138  lludiv10.o(.text)
    .text                                    0x08000a34   Section        0  _printf_fp_infnan.o(.text)
    .text                                    0x08000ab4   Section        0  bigflt0.o(.text)
    .text                                    0x08000b90   Section        8  libspace.o(.text)
    .text                                    0x08000b98   Section       74  sys_stackheap_outer.o(.text)
    .text                                    0x08000be2   Section        0  exit.o(.text)
    .text                                    0x08000bf4   Section      128  strcmpv7m.o(.text)
    .text                                    0x08000c74   Section        0  sys_exit.o(.text)
    .text                                    0x08000c80   Section        2  use_no_semi.o(.text)
    .text                                    0x08000c82   Section        0  indicate_semi.o(.text)
    CL$$btod_d2e                             0x08000c82   Section       62  btod.o(CL$$btod_d2e)
    CL$$btod_d2e_denorm_low                  0x08000cc0   Section       70  btod.o(CL$$btod_d2e_denorm_low)
    CL$$btod_d2e_norm_op1                    0x08000d06   Section       96  btod.o(CL$$btod_d2e_norm_op1)
    CL$$btod_div_common                      0x08000d66   Section      824  btod.o(CL$$btod_div_common)
    CL$$btod_e2e                             0x0800109e   Section      198  btod.o(CL$$btod_e2e)
    CL$$btod_ediv                            0x08001164   Section       40  btod.o(CL$$btod_ediv)
    CL$$btod_emul                            0x0800118c   Section       40  btod.o(CL$$btod_emul)
    CL$$btod_mult_common                     0x080011b4   Section      580  btod.o(CL$$btod_mult_common)
    i.ADC_Cmd                                0x080013f8   Section        0  stm32f10x_adc.o(i.ADC_Cmd)
    i.ADC_GetCalibrationStatus               0x0800140e   Section        0  stm32f10x_adc.o(i.ADC_GetCalibrationStatus)
    i.ADC_GetConversionValue                 0x08001422   Section        0  stm32f10x_adc.o(i.ADC_GetConversionValue)
    i.ADC_GetResetCalibrationStatus          0x0800142a   Section        0  stm32f10x_adc.o(i.ADC_GetResetCalibrationStatus)
    i.ADC_Init                               0x08001440   Section        0  stm32f10x_adc.o(i.ADC_Init)
    i.ADC_RegularChannelConfig               0x08001490   Section        0  stm32f10x_adc.o(i.ADC_RegularChannelConfig)
    i.ADC_ResetCalibration                   0x08001548   Section        0  stm32f10x_adc.o(i.ADC_ResetCalibration)
    i.ADC_SoftwareStartConvCmd               0x08001552   Section        0  stm32f10x_adc.o(i.ADC_SoftwareStartConvCmd)
    i.ADC_StartCalibration                   0x08001568   Section        0  stm32f10x_adc.o(i.ADC_StartCalibration)
    i.BKP_DeInit                             0x08001572   Section        0  stm32f10x_bkp.o(i.BKP_DeInit)
    i.Delay_LCD                              0x08001582   Section        0  lcd.o(i.Delay_LCD)
    i.Delay_ms                               0x080015a0   Section        0  main.o(i.Delay_ms)
    i.GPIO_Init                              0x080015b4   Section        0  stm32f10x_gpio.o(i.GPIO_Init)
    i.GPIO_ReadInputDataBit                  0x080016ca   Section        0  stm32f10x_gpio.o(i.GPIO_ReadInputDataBit)
    i.GPIO_ResetBits                         0x080016dc   Section        0  stm32f10x_gpio.o(i.GPIO_ResetBits)
    i.GPIO_SetBits                           0x080016e0   Section        0  stm32f10x_gpio.o(i.GPIO_SetBits)
    i.I2CReceiveByte                         0x080016e4   Section        0  i2c.o(i.I2CReceiveByte)
    i.I2CSendByte                            0x0800173c   Section        0  i2c.o(i.I2CSendByte)
    i.I2CStart                               0x08001794   Section        0  i2c.o(i.I2CStart)
    i.I2CStop                                0x080017d0   Section        0  i2c.o(i.I2CStop)
    i.I2CWaitAck                             0x0800180c   Section        0  i2c.o(i.I2CWaitAck)
    i.Init_Adc                               0x08001864   Section        0  adc.o(i.Init_Adc)
    i.Init_KEY                               0x080018f4   Section        0  key.o(i.Init_KEY)
    i.Init_Led                               0x0800193c   Section        0  led.o(i.Init_Led)
    i.Init_PWM                               0x08001984   Section        0  pwm.o(i.Init_PWM)
    i.Init_RTC                               0x080019bc   Section        0  rtc.o(i.Init_RTC)
    i.Init_TIM                               0x08001a24   Section        0  tim.o(i.Init_TIM)
    i.Init_Usart                             0x08001a74   Section        0  usart.o(i.Init_Usart)
    i.LCD_BusIn                              0x08001b00   Section        0  lcd.o(i.LCD_BusIn)
    i.LCD_BusOut                             0x08001b24   Section        0  lcd.o(i.LCD_BusOut)
    i.LCD_Clear                              0x08001b48   Section        0  lcd.o(i.LCD_Clear)
    i.LCD_CtrlLinesConfig                    0x08001b70   Section        0  lcd.o(i.LCD_CtrlLinesConfig)
    i.LCD_DisplayChar                        0x08001bb8   Section        0  lcd.o(i.LCD_DisplayChar)
    i.LCD_DisplayStringLine                  0x08001be0   Section        0  lcd.o(i.LCD_DisplayStringLine)
    i.LCD_DrawChar                           0x08001c0c   Section        0  lcd.o(i.LCD_DrawChar)
    i.LCD_ReadReg                            0x08001c78   Section        0  lcd.o(i.LCD_ReadReg)
    i.LCD_SetBackColor                       0x08001cd4   Section        0  lcd.o(i.LCD_SetBackColor)
    i.LCD_SetCursor                          0x08001ce4   Section        0  lcd.o(i.LCD_SetCursor)
    i.LCD_SetTextColor                       0x08001cfc   Section        0  lcd.o(i.LCD_SetTextColor)
    i.LCD_WriteRAM                           0x08001d0c   Section        0  lcd.o(i.LCD_WriteRAM)
    i.LCD_WriteRAM_Prepare                   0x08001d40   Section        0  lcd.o(i.LCD_WriteRAM_Prepare)
    i.LCD_WriteReg                           0x08001d74   Section        0  lcd.o(i.LCD_WriteReg)
    i.LED_Control                            0x08001db4   Section        0  led.o(i.LED_Control)
    i.NVIC_Init                              0x08001df8   Section        0  misc.o(i.NVIC_Init)
    i.NVIC_PriorityGroupConfig               0x08001e68   Section        0  misc.o(i.NVIC_PriorityGroupConfig)
    i.PWM_Ctrl                               0x08001e7c   Section        0  pwm.o(i.PWM_Ctrl)
    i.PWR_BackupAccessCmd                    0x08001f24   Section        0  stm32f10x_pwr.o(i.PWR_BackupAccessCmd)
    i.RCC_APB1PeriphClockCmd                 0x08001f30   Section        0  stm32f10x_rcc.o(i.RCC_APB1PeriphClockCmd)
    i.RCC_APB2PeriphClockCmd                 0x08001f50   Section        0  stm32f10x_rcc.o(i.RCC_APB2PeriphClockCmd)
    i.RCC_BackupResetCmd                     0x08001f70   Section        0  stm32f10x_rcc.o(i.RCC_BackupResetCmd)
    i.RCC_GetClocksFreq                      0x08001f7c   Section        0  stm32f10x_rcc.o(i.RCC_GetClocksFreq)
    i.RCC_GetFlagStatus                      0x08002050   Section        0  stm32f10x_rcc.o(i.RCC_GetFlagStatus)
    i.RCC_LSICmd                             0x0800208c   Section        0  stm32f10x_rcc.o(i.RCC_LSICmd)
    i.RCC_RTCCLKCmd                          0x08002098   Section        0  stm32f10x_rcc.o(i.RCC_RTCCLKCmd)
    i.RCC_RTCCLKConfig                       0x080020a4   Section        0  stm32f10x_rcc.o(i.RCC_RTCCLKConfig)
    i.REG_8230_Init                          0x080020b4   Section        0  lcd.o(i.REG_8230_Init)
    i.REG_932X_Init                          0x080021d4   Section        0  lcd.o(i.REG_932X_Init)
    i.RTC_ClearITPendingBit                  0x080023d8   Section        0  stm32f10x_rtc.o(i.RTC_ClearITPendingBit)
    i.RTC_EnterConfigMode                    0x080023e8   Section        0  stm32f10x_rtc.o(i.RTC_EnterConfigMode)
    i.RTC_ExitConfigMode                     0x080023fc   Section        0  stm32f10x_rtc.o(i.RTC_ExitConfigMode)
    i.RTC_GetCounter                         0x08002410   Section        0  stm32f10x_rtc.o(i.RTC_GetCounter)
    i.RTC_GetITStatus                        0x08002424   Section        0  stm32f10x_rtc.o(i.RTC_GetITStatus)
    i.RTC_IRQHandler                         0x08002448   Section        0  rtc.o(i.RTC_IRQHandler)
    i.RTC_ITConfig                           0x08002480   Section        0  stm32f10x_rtc.o(i.RTC_ITConfig)
    i.RTC_NVIC                               0x080024a0   Section        0  rtc.o(i.RTC_NVIC)
    i.RTC_SetCounter                         0x080024cc   Section        0  stm32f10x_rtc.o(i.RTC_SetCounter)
    i.RTC_SetPrescaler                       0x080024e8   Section        0  stm32f10x_rtc.o(i.RTC_SetPrescaler)
    i.RTC_WaitForLastTask                    0x08002508   Section        0  stm32f10x_rtc.o(i.RTC_WaitForLastTask)
    i.RTC_WaitForSynchro                     0x0800251c   Section        0  stm32f10x_rtc.o(i.RTC_WaitForSynchro)
    i.Read_ADC                               0x08002540   Section        0  adc.o(i.Read_ADC)
    i.SCL_Output                             0x08002590   Section        0  i2c.o(i.SCL_Output)
    i.SDA_Input                              0x080025b0   Section        0  i2c.o(i.SDA_Input)
    i.SDA_Input_Mode                         0x080025c0   Section        0  i2c.o(i.SDA_Input_Mode)
    i.SDA_Output                             0x080025e4   Section        0  i2c.o(i.SDA_Output)
    i.SDA_Output_Mode                        0x08002604   Section        0  i2c.o(i.SDA_Output_Mode)
    i.STM3210B_LCD_Init                      0x08002628   Section        0  lcd.o(i.STM3210B_LCD_Init)
    i.SetSysClock                            0x08002660   Section        0  system_stm32f10x.o(i.SetSysClock)
    SetSysClock                              0x08002661   Thumb Code     8  system_stm32f10x.o(i.SetSysClock)
    i.SetSysClockTo72                        0x08002668   Section        0  system_stm32f10x.o(i.SetSysClockTo72)
    SetSysClockTo72                          0x08002669   Thumb Code   214  system_stm32f10x.o(i.SetSysClockTo72)
    i.SysTick_Handler                        0x08002748   Section        0  stm32f10x_it.o(i.SysTick_Handler)
    i.SystemInit                             0x08002758   Section        0  system_stm32f10x.o(i.SystemInit)
    i.TIM3_IRQHandler                        0x080027b8   Section        0  tim.o(i.TIM3_IRQHandler)
    i.TIM_ClearFlag                          0x080027ec   Section        0  stm32f10x_tim.o(i.TIM_ClearFlag)
    i.TIM_Cmd                                0x080027f2   Section        0  stm32f10x_tim.o(i.TIM_Cmd)
    i.TIM_CtrlPWMOutputs                     0x0800280a   Section        0  stm32f10x_tim.o(i.TIM_CtrlPWMOutputs)
    i.TIM_GetFlagStatus                      0x08002828   Section        0  stm32f10x_tim.o(i.TIM_GetFlagStatus)
    i.TIM_ITConfig                           0x0800283a   Section        0  stm32f10x_tim.o(i.TIM_ITConfig)
    i.TIM_NVIC                               0x0800284c   Section        0  tim.o(i.TIM_NVIC)
    i.TIM_OC2Init                            0x0800286c   Section        0  stm32f10x_tim.o(i.TIM_OC2Init)
    i.TIM_OC3Init                            0x08002910   Section        0  stm32f10x_tim.o(i.TIM_OC3Init)
    i.TIM_PrescalerConfig                    0x080029b0   Section        0  stm32f10x_tim.o(i.TIM_PrescalerConfig)
    i.TIM_TimeBaseInit                       0x080029b8   Section        0  stm32f10x_tim.o(i.TIM_TimeBaseInit)
    i.USART2_IRQHandler                      0x08002a5c   Section        0  usart.o(i.USART2_IRQHandler)
    i.USART_ClearITPendingBit                0x08002a84   Section        0  stm32f10x_usart.o(i.USART_ClearITPendingBit)
    i.USART_Cmd                              0x08002aa2   Section        0  stm32f10x_usart.o(i.USART_Cmd)
    i.USART_GetFlagStatus                    0x08002aba   Section        0  stm32f10x_usart.o(i.USART_GetFlagStatus)
    i.USART_GetITStatus                      0x08002ad4   Section        0  stm32f10x_usart.o(i.USART_GetITStatus)
    i.USART_ITConfig                         0x08002b28   Section        0  stm32f10x_usart.o(i.USART_ITConfig)
    i.USART_Init                             0x08002b74   Section        0  stm32f10x_usart.o(i.USART_Init)
    i.USART_NVIC                             0x08002c4c   Section        0  usart.o(i.USART_NVIC)
    i.USART_ReceiveData                      0x08002c74   Section        0  stm32f10x_usart.o(i.USART_ReceiveData)
    i.USART_SendData                         0x08002c7e   Section        0  stm32f10x_usart.o(i.USART_SendData)
    i.USART_SendString                       0x08002c88   Section        0  usart.o(i.USART_SendString)
    i.__ARM_fpclassify                       0x08002cb8   Section        0  fpclassify.o(i.__ARM_fpclassify)
    i._is_digit                              0x08002ce0   Section        0  __printf_wp.o(i._is_digit)
    i.delay1                                 0x08002cee   Section        0  i2c.o(i.delay1)
    i.i2c_init                               0x08002cfc   Section        0  i2c.o(i.i2c_init)
    i.main                                   0x08002d28   Section        0  main.o(i.main)
    i.x24c02_read                            0x08002f0c   Section        0  main.o(i.x24c02_read)
    locale$$code                             0x08002f48   Section       44  lc_numeric_c.o(locale$$code)
    x$fpl$d2f                                0x08002f74   Section       98  d2f.o(x$fpl$d2f)
    x$fpl$ddiv                               0x08002fd8   Section      688  ddiv.o(x$fpl$ddiv)
    ddiv_entry                               0x08002fdf   Thumb Code     0  ddiv.o(x$fpl$ddiv)
    x$fpl$dfltu                              0x08003288   Section       38  dflt_clz.o(x$fpl$dfltu)
    x$fpl$dmul                               0x080032b0   Section      340  dmul.o(x$fpl$dmul)
    x$fpl$dnaninf                            0x08003404   Section      156  dnaninf.o(x$fpl$dnaninf)
    x$fpl$dretinf                            0x080034a0   Section       12  dretinf.o(x$fpl$dretinf)
    x$fpl$f2d                                0x080034ac   Section       86  f2d.o(x$fpl$f2d)
    x$fpl$fnaninf                            0x08003502   Section      140  fnaninf.o(x$fpl$fnaninf)
    x$fpl$fretinf                            0x0800358e   Section       10  fretinf.o(x$fpl$fretinf)
    x$fpl$printf1                            0x08003598   Section        4  printf1.o(x$fpl$printf1)
    .constdata                               0x0800359c   Section     4560  lcd.o(.constdata)
    x$fpl$usenofp                            0x0800359c   Section        0  usenofp.o(x$fpl$usenofp)
    .constdata                               0x0800476c   Section       17  __printf_flags_wp.o(.constdata)
    maptable                                 0x0800476c   Data          17  __printf_flags_wp.o(.constdata)
    .constdata                               0x08004780   Section      148  bigflt0.o(.constdata)
    tenpwrs_x                                0x08004780   Data          60  bigflt0.o(.constdata)
    tenpwrs_i                                0x080047bc   Data          64  bigflt0.o(.constdata)
    locale$$data                             0x08004834   Section       28  lc_numeric_c.o(locale$$data)
    __lcnum_c_name                           0x08004838   Data           2  lc_numeric_c.o(locale$$data)
    __lcnum_c_start                          0x08004840   Data           0  lc_numeric_c.o(locale$$data)
    __lcnum_c_point                          0x0800484c   Data           0  lc_numeric_c.o(locale$$data)
    __lcnum_c_thousands                      0x0800484e   Data           0  lc_numeric_c.o(locale$$data)
    __lcnum_c_grouping                       0x0800484f   Data           0  lc_numeric_c.o(locale$$data)
    __lcnum_c_end                            0x08004850   Data           0  lc_numeric_c.o(locale$$data)
    .data                                    0x20000000   Section        7  main.o(.data)
    .data                                    0x20000008   Section        6  lcd.o(.data)
    TextColor                                0x20000008   Data           2  lcd.o(.data)
    BackColor                                0x2000000a   Data           2  lcd.o(.data)
    .data                                    0x20000010   Section        4  rtc.o(.data)
    .data                                    0x20000014   Section        4  pwm.o(.data)
    .data                                    0x20000018   Section       20  system_stm32f10x.o(.data)
    .data                                    0x2000002c   Section       20  stm32f10x_rcc.o(.data)
    APBAHBPrescTable                         0x2000002c   Data          16  stm32f10x_rcc.o(.data)
    ADCPrescTable                            0x2000003c   Data           4  stm32f10x_rcc.o(.data)
    .bss                                     0x20000040   Section       26  pwm.o(.bss)
    .bss                                     0x2000005c   Section       96  libspace.o(.bss)
    HEAP                                     0x200000c0   Section      512  startup_stm32f10x_md.o(HEAP)
    Heap_Mem                                 0x200000c0   Data         512  startup_stm32f10x_md.o(HEAP)
    STACK                                    0x200002c0   Section     1024  startup_stm32f10x_md.o(STACK)
    Stack_Mem                                0x200002c0   Data        1024  startup_stm32f10x_md.o(STACK)
    __initial_sp                             0x200006c0   Data           0  startup_stm32f10x_md.o(STACK)

    Global Symbols

    Symbol Name                              Value     Ov Type        Size  Object(Section)

    BuildAttributes$$THM_ISAv4$P$D$K$B$S$PE$A:L22UL41UL21$X:L11$S22US41US21$IEEE1$IW$USESV6$~STKCKD$USESV7$~SHL$OTIME$ROPI$IEEEJ$EBA8$UX$STANDARDLIB$REQ8$PRES8$EABIv2 0x00000000   Number         0  anon$$obj.o ABSOLUTE
    __ARM_use_no_argv                        0x00000000   Number         0  main.o ABSOLUTE
    _printf_flags                            0x00000000   Number         0  printf_stubs.o ABSOLUTE
    _printf_return_value                     0x00000000   Number         0  printf_stubs.o ABSOLUTE
    _printf_sizespec                         0x00000000   Number         0  printf_stubs.o ABSOLUTE
    _printf_widthprec                        0x00000000   Number         0  printf_stubs.o ABSOLUTE
    __ARM_exceptions_init                     - Undefined Weak Reference
    __alloca_initialize                       - Undefined Weak Reference
    __arm_preinit_                            - Undefined Weak Reference
    __cpp_initialize__aeabi_                  - Undefined Weak Reference
    __cxa_finalize                            - Undefined Weak Reference
    __sigvec_lookup                           - Undefined Weak Reference
    _atexit_init                              - Undefined Weak Reference
    _call_atexit_fns                          - Undefined Weak Reference
    _clock_init                               - Undefined Weak Reference
    _fp_trap_init                             - Undefined Weak Reference
    _fp_trap_shutdown                         - Undefined Weak Reference
    _get_lc_collate                           - Undefined Weak Reference
    _get_lc_ctype                             - Undefined Weak Reference
    _get_lc_monetary                          - Undefined Weak Reference
    _get_lc_time                              - Undefined Weak Reference
    _getenv_init                              - Undefined Weak Reference
    _handle_redirection                       - Undefined Weak Reference
    _init_alloc                               - Undefined Weak Reference
    _init_user_alloc                          - Undefined Weak Reference
    _initio                                   - Undefined Weak Reference
    _printf_mbtowc                            - Undefined Weak Reference
    _printf_truncate_signed                   - Undefined Weak Reference
    _printf_truncate_unsigned                 - Undefined Weak Reference
    _rand_init                                - Undefined Weak Reference
    _signal_finish                            - Undefined Weak Reference
    _signal_init                              - Undefined Weak Reference
    _terminate_alloc                          - Undefined Weak Reference
    _terminate_user_alloc                     - Undefined Weak Reference
    _terminateio                              - Undefined Weak Reference
    __Vectors_Size                           0x000000ec   Number         0  startup_stm32f10x_md.o ABSOLUTE
    __Vectors                                0x08000000   Data           4  startup_stm32f10x_md.o(RESET)
    __Vectors_End                            0x080000ec   Data           0  startup_stm32f10x_md.o(RESET)
    __main                                   0x080000ed   Thumb Code     8  __main.o(!!!main)
    __scatterload                            0x080000f5   Thumb Code     0  __scatter.o(!!!scatter)
    __scatterload_rt2                        0x080000f5   Thumb Code    44  __scatter.o(!!!scatter)
    __scatterload_rt2_thumb_only             0x080000f5   Thumb Code     0  __scatter.o(!!!scatter)
    __scatterload_null                       0x08000103   Thumb Code     0  __scatter.o(!!!scatter)
    __scatterload_copy                       0x08000129   Thumb Code    26  __scatter_copy.o(!!handler_copy)
    __scatterload_zeroinit                   0x08000145   Thumb Code    28  __scatter_zi.o(!!handler_zi)
    _printf_f                                0x08000161   Thumb Code     0  _printf_f.o(.ARM.Collect$$_printf_percent$$00000003)
    _printf_percent                          0x08000161   Thumb Code     0  _printf_percent.o(.ARM.Collect$$_printf_percent$$00000000)
    _printf_d                                0x08000167   Thumb Code     0  _printf_d.o(.ARM.Collect$$_printf_percent$$00000009)
    _printf_s                                0x0800016d   Thumb Code     0  _printf_s.o(.ARM.Collect$$_printf_percent$$00000014)
    _printf_percent_end                      0x08000173   Thumb Code     0  _printf_percent_end.o(.ARM.Collect$$_printf_percent$$00000017)
    __rt_lib_init                            0x08000177   Thumb Code     0  libinit.o(.ARM.Collect$$libinit$$00000000)
    __rt_lib_init_fp_1                       0x08000179   Thumb Code     0  libinit2.o(.ARM.Collect$$libinit$$00000002)
    __rt_lib_init_heap_1                     0x08000179   Thumb Code     0  libinit2.o(.ARM.Collect$$libinit$$0000000A)
    __rt_lib_init_lc_common                  0x08000179   Thumb Code     0  libinit2.o(.ARM.Collect$$libinit$$0000000F)
    __rt_lib_init_preinit_1                  0x08000179   Thumb Code     0  libinit2.o(.ARM.Collect$$libinit$$00000004)
    __rt_lib_init_rand_1                     0x08000179   Thumb Code     0  libinit2.o(.ARM.Collect$$libinit$$0000000E)
    __rt_lib_init_user_alloc_1               0x08000179   Thumb Code     0  libinit2.o(.ARM.Collect$$libinit$$0000000C)
    __rt_lib_init_lc_collate_1               0x0800017f   Thumb Code     0  libinit2.o(.ARM.Collect$$libinit$$00000011)
    __rt_lib_init_lc_ctype_1                 0x0800017f   Thumb Code     0  libinit2.o(.ARM.Collect$$libinit$$00000013)
    __rt_lib_init_lc_monetary_1              0x0800017f   Thumb Code     0  libinit2.o(.ARM.Collect$$libinit$$00000015)
    __rt_lib_init_lc_numeric_2               0x0800017f   Thumb Code     0  libinit2.o(.ARM.Collect$$libinit$$00000016)
    __rt_lib_init_alloca_1                   0x08000189   Thumb Code     0  libinit2.o(.ARM.Collect$$libinit$$0000002E)
    __rt_lib_init_argv_1                     0x08000189   Thumb Code     0  libinit2.o(.ARM.Collect$$libinit$$0000002C)
    __rt_lib_init_atexit_1                   0x08000189   Thumb Code     0  libinit2.o(.ARM.Collect$$libinit$$0000001B)
    __rt_lib_init_clock_1                    0x08000189   Thumb Code     0  libinit2.o(.ARM.Collect$$libinit$$00000021)
    __rt_lib_init_cpp_1                      0x08000189   Thumb Code     0  libinit2.o(.ARM.Collect$$libinit$$00000032)
    __rt_lib_init_exceptions_1               0x08000189   Thumb Code     0  libinit2.o(.ARM.Collect$$libinit$$00000030)
    __rt_lib_init_fp_trap_1                  0x08000189   Thumb Code     0  libinit2.o(.ARM.Collect$$libinit$$0000001F)
    __rt_lib_init_getenv_1                   0x08000189   Thumb Code     0  libinit2.o(.ARM.Collect$$libinit$$00000023)
    __rt_lib_init_lc_numeric_1               0x08000189   Thumb Code     0  libinit2.o(.ARM.Collect$$libinit$$00000017)
    __rt_lib_init_lc_time_1                  0x08000189   Thumb Code     0  libinit2.o(.ARM.Collect$$libinit$$00000019)
    __rt_lib_init_return                     0x08000189   Thumb Code     0  libinit2.o(.ARM.Collect$$libinit$$00000033)
    __rt_lib_init_signal_1                   0x08000189   Thumb Code     0  libinit2.o(.ARM.Collect$$libinit$$0000001D)
    __rt_lib_init_stdio_1                    0x08000189   Thumb Code     0  libinit2.o(.ARM.Collect$$libinit$$00000025)
    __rt_lib_shutdown                        0x0800018b   Thumb Code     0  libshutdown.o(.ARM.Collect$$libshutdown$$00000000)
    __rt_lib_shutdown_cpp_1                  0x0800018d   Thumb Code     0  libshutdown2.o(.ARM.Collect$$libshutdown$$00000002)
    __rt_lib_shutdown_fp_trap_1              0x0800018d   Thumb Code     0  libshutdown2.o(.ARM.Collect$$libshutdown$$00000007)
    __rt_lib_shutdown_heap_1                 0x0800018d   Thumb Code     0  libshutdown2.o(.ARM.Collect$$libshutdown$$0000000F)
    __rt_lib_shutdown_return                 0x0800018d   Thumb Code     0  libshutdown2.o(.ARM.Collect$$libshutdown$$00000010)
    __rt_lib_shutdown_signal_1               0x0800018d   Thumb Code     0  libshutdown2.o(.ARM.Collect$$libshutdown$$0000000A)
    __rt_lib_shutdown_stdio_1                0x0800018d   Thumb Code     0  libshutdown2.o(.ARM.Collect$$libshutdown$$00000004)
    __rt_lib_shutdown_user_alloc_1           0x0800018d   Thumb Code     0  libshutdown2.o(.ARM.Collect$$libshutdown$$0000000C)
    __rt_entry                               0x0800018f   Thumb Code     0  __rtentry.o(.ARM.Collect$$rtentry$$00000000)
    __rt_entry_presh_1                       0x0800018f   Thumb Code     0  __rtentry2.o(.ARM.Collect$$rtentry$$00000002)
    __rt_entry_sh                            0x0800018f   Thumb Code     0  __rtentry4.o(.ARM.Collect$$rtentry$$00000004)
    __rt_entry_li                            0x08000195   Thumb Code     0  __rtentry2.o(.ARM.Collect$$rtentry$$0000000A)
    __rt_entry_postsh_1                      0x08000195   Thumb Code     0  __rtentry2.o(.ARM.Collect$$rtentry$$00000009)
    __rt_entry_main                          0x08000199   Thumb Code     0  __rtentry2.o(.ARM.Collect$$rtentry$$0000000D)
    __rt_entry_postli_1                      0x08000199   Thumb Code     0  __rtentry2.o(.ARM.Collect$$rtentry$$0000000C)
    __rt_exit                                0x080001a1   Thumb Code     0  rtexit.o(.ARM.Collect$$rtexit$$00000000)
    __rt_exit_ls                             0x080001a3   Thumb Code     0  rtexit2.o(.ARM.Collect$$rtexit$$00000003)
    __rt_exit_prels_1                        0x080001a3   Thumb Code     0  rtexit2.o(.ARM.Collect$$rtexit$$00000002)
    __rt_exit_exit                           0x080001a7   Thumb Code     0  rtexit2.o(.ARM.Collect$$rtexit$$00000004)
    Reset_Handler                            0x080001ad   Thumb Code     8  startup_stm32f10x_md.o(.text)
    NMI_Handler                              0x080001b5   Thumb Code     2  startup_stm32f10x_md.o(.text)
    HardFault_Handler                        0x080001b7   Thumb Code     2  startup_stm32f10x_md.o(.text)
    MemManage_Handler                        0x080001b9   Thumb Code     2  startup_stm32f10x_md.o(.text)
    BusFault_Handler                         0x080001bb   Thumb Code     2  startup_stm32f10x_md.o(.text)
    UsageFault_Handler                       0x080001bd   Thumb Code     2  startup_stm32f10x_md.o(.text)
    SVC_Handler                              0x080001bf   Thumb Code     2  startup_stm32f10x_md.o(.text)
    DebugMon_Handler                         0x080001c1   Thumb Code     2  startup_stm32f10x_md.o(.text)
    PendSV_Handler                           0x080001c3   Thumb Code     2  startup_stm32f10x_md.o(.text)
    ADC1_2_IRQHandler                        0x080001c7   Thumb Code     0  startup_stm32f10x_md.o(.text)
    CAN1_RX1_IRQHandler                      0x080001c7   Thumb Code     0  startup_stm32f10x_md.o(.text)
    CAN1_SCE_IRQHandler                      0x080001c7   Thumb Code     0  startup_stm32f10x_md.o(.text)
    DMA1_Channel1_IRQHandler                 0x080001c7   Thumb Code     0  startup_stm32f10x_md.o(.text)
    DMA1_Channel2_IRQHandler                 0x080001c7   Thumb Code     0  startup_stm32f10x_md.o(.text)
    DMA1_Channel3_IRQHandler                 0x080001c7   Thumb Code     0  startup_stm32f10x_md.o(.text)
    DMA1_Channel4_IRQHandler                 0x080001c7   Thumb Code     0  startup_stm32f10x_md.o(.text)
    DMA1_Channel5_IRQHandler                 0x080001c7   Thumb Code     0  startup_stm32f10x_md.o(.text)
    DMA1_Channel6_IRQHandler                 0x080001c7   Thumb Code     0  startup_stm32f10x_md.o(.text)
    DMA1_Channel7_IRQHandler                 0x080001c7   Thumb Code     0  startup_stm32f10x_md.o(.text)
    EXTI0_IRQHandler                         0x080001c7   Thumb Code     0  startup_stm32f10x_md.o(.text)
    EXTI15_10_IRQHandler                     0x080001c7   Thumb Code     0  startup_stm32f10x_md.o(.text)
    EXTI1_IRQHandler                         0x080001c7   Thumb Code     0  startup_stm32f10x_md.o(.text)
    EXTI2_IRQHandler                         0x080001c7   Thumb Code     0  startup_stm32f10x_md.o(.text)
    EXTI3_IRQHandler                         0x080001c7   Thumb Code     0  startup_stm32f10x_md.o(.text)
    EXTI4_IRQHandler                         0x080001c7   Thumb Code     0  startup_stm32f10x_md.o(.text)
    EXTI9_5_IRQHandler                       0x080001c7   Thumb Code     0  startup_stm32f10x_md.o(.text)
    FLASH_IRQHandler                         0x080001c7   Thumb Code     0  startup_stm32f10x_md.o(.text)
    I2C1_ER_IRQHandler                       0x080001c7   Thumb Code     0  startup_stm32f10x_md.o(.text)
    I2C1_EV_IRQHandler                       0x080001c7   Thumb Code     0  startup_stm32f10x_md.o(.text)
    I2C2_ER_IRQHandler                       0x080001c7   Thumb Code     0  startup_stm32f10x_md.o(.text)
    I2C2_EV_IRQHandler                       0x080001c7   Thumb Code     0  startup_stm32f10x_md.o(.text)
    PVD_IRQHandler                           0x080001c7   Thumb Code     0  startup_stm32f10x_md.o(.text)
    RCC_IRQHandler                           0x080001c7   Thumb Code     0  startup_stm32f10x_md.o(.text)
    RTCAlarm_IRQHandler                      0x080001c7   Thumb Code     0  startup_stm32f10x_md.o(.text)
    SPI1_IRQHandler                          0x080001c7   Thumb Code     0  startup_stm32f10x_md.o(.text)
    SPI2_IRQHandler                          0x080001c7   Thumb Code     0  startup_stm32f10x_md.o(.text)
    TAMPER_IRQHandler                        0x080001c7   Thumb Code     0  startup_stm32f10x_md.o(.text)
    TIM1_BRK_IRQHandler                      0x080001c7   Thumb Code     0  startup_stm32f10x_md.o(.text)
    TIM1_CC_IRQHandler                       0x080001c7   Thumb Code     0  startup_stm32f10x_md.o(.text)
    TIM1_TRG_COM_IRQHandler                  0x080001c7   Thumb Code     0  startup_stm32f10x_md.o(.text)
    TIM1_UP_IRQHandler                       0x080001c7   Thumb Code     0  startup_stm32f10x_md.o(.text)
    TIM2_IRQHandler                          0x080001c7   Thumb Code     0  startup_stm32f10x_md.o(.text)
    TIM4_IRQHandler                          0x080001c7   Thumb Code     0  startup_stm32f10x_md.o(.text)
    USART1_IRQHandler                        0x080001c7   Thumb Code     0  startup_stm32f10x_md.o(.text)
    USART3_IRQHandler                        0x080001c7   Thumb Code     0  startup_stm32f10x_md.o(.text)
    USBWakeUp_IRQHandler                     0x080001c7   Thumb Code     0  startup_stm32f10x_md.o(.text)
    USB_HP_CAN1_TX_IRQHandler                0x080001c7   Thumb Code     0  startup_stm32f10x_md.o(.text)
    USB_LP_CAN1_RX0_IRQHandler               0x080001c7   Thumb Code     0  startup_stm32f10x_md.o(.text)
    WWDG_IRQHandler                          0x080001c7   Thumb Code     0  startup_stm32f10x_md.o(.text)
    __user_initial_stackheap                 0x080001c9   Thumb Code     0  startup_stm32f10x_md.o(.text)
    __2sprintf                               0x080001ed   Thumb Code    34  noretval__2sprintf.o(.text)
    _printf_pre_padding                      0x08000215   Thumb Code    44  _printf_pad.o(.text)
    _printf_post_padding                     0x08000241   Thumb Code    34  _printf_pad.o(.text)
    _printf_str                              0x08000263   Thumb Code    82  _printf_str.o(.text)
    _printf_int_dec                          0x080002b5   Thumb Code   104  _printf_dec.o(.text)
    __printf                                 0x0800032d   Thumb Code   308  __printf_flags_wp.o(.text)
    __use_two_region_memory                  0x08000465   Thumb Code     2  heapauxi.o(.text)
    __rt_heap_escrow$2region                 0x08000467   Thumb Code     2  heapauxi.o(.text)
    __rt_heap_expand$2region                 0x08000469   Thumb Code     2  heapauxi.o(.text)
    _printf_int_common                       0x0800046b   Thumb Code   178  _printf_intcommon.o(.text)
    __lib_sel_fp_printf                      0x0800051d   Thumb Code     2  _printf_fp_dec.o(.text)
    _printf_fp_dec_real                      0x080006cb   Thumb Code   620  _printf_fp_dec.o(.text)
    _printf_char_common                      0x08000943   Thumb Code    32  _printf_char_common.o(.text)
    _sputc                                   0x08000969   Thumb Code    10  _sputc.o(.text)
    _printf_cs_common                        0x08000973   Thumb Code    20  _printf_char.o(.text)
    _printf_char                             0x08000987   Thumb Code    16  _printf_char.o(.text)
    _printf_string                           0x08000997   Thumb Code     8  _printf_char.o(.text)
    __rt_locale                              0x080009a1   Thumb Code     8  rt_locale_intlibspace.o(.text)
    _ll_udiv10                               0x080009a9   Thumb Code   138  lludiv10.o(.text)
    _printf_fp_infnan                        0x08000a35   Thumb Code   112  _printf_fp_infnan.o(.text)
    _btod_etento                             0x08000ab5   Thumb Code   216  bigflt0.o(.text)
    __user_libspace                          0x08000b91   Thumb Code     8  libspace.o(.text)
    __user_perproc_libspace                  0x08000b91   Thumb Code     0  libspace.o(.text)
    __user_perthread_libspace                0x08000b91   Thumb Code     0  libspace.o(.text)
    __user_setup_stackheap                   0x08000b99   Thumb Code    74  sys_stackheap_outer.o(.text)
    exit                                     0x08000be3   Thumb Code    18  exit.o(.text)
    strcmp                                   0x08000bf5   Thumb Code   128  strcmpv7m.o(.text)
    _sys_exit                                0x08000c75   Thumb Code     8  sys_exit.o(.text)
    __I$use$semihosting                      0x08000c81   Thumb Code     0  use_no_semi.o(.text)
    __use_no_semihosting_swi                 0x08000c81   Thumb Code     2  use_no_semi.o(.text)
    __semihosting_library_function           0x08000c83   Thumb Code     0  indicate_semi.o(.text)
    _btod_d2e                                0x08000c83   Thumb Code    62  btod.o(CL$$btod_d2e)
    _d2e_denorm_low                          0x08000cc1   Thumb Code    70  btod.o(CL$$btod_d2e_denorm_low)
    _d2e_norm_op1                            0x08000d07   Thumb Code    96  btod.o(CL$$btod_d2e_norm_op1)
    __btod_div_common                        0x08000d67   Thumb Code   696  btod.o(CL$$btod_div_common)
    _e2e                                     0x0800109f   Thumb Code   198  btod.o(CL$$btod_e2e)
    _btod_ediv                               0x08001165   Thumb Code    40  btod.o(CL$$btod_ediv)
    _btod_emul                               0x0800118d   Thumb Code    40  btod.o(CL$$btod_emul)
    __btod_mult_common                       0x080011b5   Thumb Code   580  btod.o(CL$$btod_mult_common)
    ADC_Cmd                                  0x080013f9   Thumb Code    22  stm32f10x_adc.o(i.ADC_Cmd)
    ADC_GetCalibrationStatus                 0x0800140f   Thumb Code    20  stm32f10x_adc.o(i.ADC_GetCalibrationStatus)
    ADC_GetConversionValue                   0x08001423   Thumb Code     8  stm32f10x_adc.o(i.ADC_GetConversionValue)
    ADC_GetResetCalibrationStatus            0x0800142b   Thumb Code    20  stm32f10x_adc.o(i.ADC_GetResetCalibrationStatus)
    ADC_Init                                 0x08001441   Thumb Code    70  stm32f10x_adc.o(i.ADC_Init)
    ADC_RegularChannelConfig                 0x08001491   Thumb Code   184  stm32f10x_adc.o(i.ADC_RegularChannelConfig)
    ADC_ResetCalibration                     0x08001549   Thumb Code    10  stm32f10x_adc.o(i.ADC_ResetCalibration)
    ADC_SoftwareStartConvCmd                 0x08001553   Thumb Code    22  stm32f10x_adc.o(i.ADC_SoftwareStartConvCmd)
    ADC_StartCalibration                     0x08001569   Thumb Code    10  stm32f10x_adc.o(i.ADC_StartCalibration)
    BKP_DeInit                               0x08001573   Thumb Code    16  stm32f10x_bkp.o(i.BKP_DeInit)
    Delay_LCD                                0x08001583   Thumb Code    30  lcd.o(i.Delay_LCD)
    Delay_ms                                 0x080015a1   Thumb Code    16  main.o(i.Delay_ms)
    GPIO_Init                                0x080015b5   Thumb Code   278  stm32f10x_gpio.o(i.GPIO_Init)
    GPIO_ReadInputDataBit                    0x080016cb   Thumb Code    18  stm32f10x_gpio.o(i.GPIO_ReadInputDataBit)
    GPIO_ResetBits                           0x080016dd   Thumb Code     4  stm32f10x_gpio.o(i.GPIO_ResetBits)
    GPIO_SetBits                             0x080016e1   Thumb Code     4  stm32f10x_gpio.o(i.GPIO_SetBits)
    I2CReceiveByte                           0x080016e5   Thumb Code    88  i2c.o(i.I2CReceiveByte)
    I2CSendByte                              0x0800173d   Thumb Code    88  i2c.o(i.I2CSendByte)
    I2CStart                                 0x08001795   Thumb Code    60  i2c.o(i.I2CStart)
    I2CStop                                  0x080017d1   Thumb Code    60  i2c.o(i.I2CStop)
    I2CWaitAck                               0x0800180d   Thumb Code    88  i2c.o(i.I2CWaitAck)
    Init_Adc                                 0x08001865   Thumb Code   136  adc.o(i.Init_Adc)
    Init_KEY                                 0x080018f5   Thumb Code    62  key.o(i.Init_KEY)
    Init_Led                                 0x0800193d   Thumb Code    62  led.o(i.Init_Led)
    Init_PWM                                 0x08001985   Thumb Code    48  pwm.o(i.Init_PWM)
    Init_RTC                                 0x080019bd   Thumb Code   104  rtc.o(i.Init_RTC)
    Init_TIM                                 0x08001a25   Thumb Code    74  tim.o(i.Init_TIM)
    Init_Usart                               0x08001a75   Thumb Code   132  usart.o(i.Init_Usart)
    LCD_BusIn                                0x08001b01   Thumb Code    32  lcd.o(i.LCD_BusIn)
    LCD_BusOut                               0x08001b25   Thumb Code    32  lcd.o(i.LCD_BusOut)
    LCD_Clear                                0x08001b49   Thumb Code    38  lcd.o(i.LCD_Clear)
    LCD_CtrlLinesConfig                      0x08001b71   Thumb Code    68  lcd.o(i.LCD_CtrlLinesConfig)
    LCD_DisplayChar                          0x08001bb9   Thumb Code    34  lcd.o(i.LCD_DisplayChar)
    LCD_DisplayStringLine                    0x08001be1   Thumb Code    44  lcd.o(i.LCD_DisplayStringLine)
    LCD_DrawChar                             0x08001c0d   Thumb Code   100  lcd.o(i.LCD_DrawChar)
    LCD_ReadReg                              0x08001c79   Thumb Code    82  lcd.o(i.LCD_ReadReg)
    LCD_SetBackColor                         0x08001cd5   Thumb Code    12  lcd.o(i.LCD_SetBackColor)
    LCD_SetCursor                            0x08001ce5   Thumb Code    24  lcd.o(i.LCD_SetCursor)
    LCD_SetTextColor                         0x08001cfd   Thumb Code    12  lcd.o(i.LCD_SetTextColor)
    LCD_WriteRAM                             0x08001d0d   Thumb Code    42  lcd.o(i.LCD_WriteRAM)
    LCD_WriteRAM_Prepare                     0x08001d41   Thumb Code    44  lcd.o(i.LCD_WriteRAM_Prepare)
    LCD_WriteReg                             0x08001d75   Thumb Code    56  lcd.o(i.LCD_WriteReg)
    LED_Control                              0x08001db5   Thumb Code    60  led.o(i.LED_Control)
    NVIC_Init                                0x08001df9   Thumb Code   100  misc.o(i.NVIC_Init)
    NVIC_PriorityGroupConfig                 0x08001e69   Thumb Code    10  misc.o(i.NVIC_PriorityGroupConfig)
    PWM_Ctrl                                 0x08001e7d   Thumb Code   154  pwm.o(i.PWM_Ctrl)
    PWR_BackupAccessCmd                      0x08001f25   Thumb Code     6  stm32f10x_pwr.o(i.PWR_BackupAccessCmd)
    RCC_APB1PeriphClockCmd                   0x08001f31   Thumb Code    26  stm32f10x_rcc.o(i.RCC_APB1PeriphClockCmd)
    RCC_APB2PeriphClockCmd                   0x08001f51   Thumb Code    26  stm32f10x_rcc.o(i.RCC_APB2PeriphClockCmd)
    RCC_BackupResetCmd                       0x08001f71   Thumb Code     6  stm32f10x_rcc.o(i.RCC_BackupResetCmd)
    RCC_GetClocksFreq                        0x08001f7d   Thumb Code   192  stm32f10x_rcc.o(i.RCC_GetClocksFreq)
    RCC_GetFlagStatus                        0x08002051   Thumb Code    56  stm32f10x_rcc.o(i.RCC_GetFlagStatus)
    RCC_LSICmd                               0x0800208d   Thumb Code     6  stm32f10x_rcc.o(i.RCC_LSICmd)
    RCC_RTCCLKCmd                            0x08002099   Thumb Code     6  stm32f10x_rcc.o(i.RCC_RTCCLKCmd)
    RCC_RTCCLKConfig                         0x080020a5   Thumb Code    12  stm32f10x_rcc.o(i.RCC_RTCCLKConfig)
    REG_8230_Init                            0x080020b5   Thumb Code   288  lcd.o(i.REG_8230_Init)
    REG_932X_Init                            0x080021d5   Thumb Code   514  lcd.o(i.REG_932X_Init)
    RTC_ClearITPendingBit                    0x080023d9   Thumb Code    12  stm32f10x_rtc.o(i.RTC_ClearITPendingBit)
    RTC_EnterConfigMode                      0x080023e9   Thumb Code    14  stm32f10x_rtc.o(i.RTC_EnterConfigMode)
    RTC_ExitConfigMode                       0x080023fd   Thumb Code    16  stm32f10x_rtc.o(i.RTC_ExitConfigMode)
    RTC_GetCounter                           0x08002411   Thumb Code    16  stm32f10x_rtc.o(i.RTC_GetCounter)
    RTC_GetITStatus                          0x08002425   Thumb Code    32  stm32f10x_rtc.o(i.RTC_GetITStatus)
    RTC_IRQHandler                           0x08002449   Thumb Code    48  rtc.o(i.RTC_IRQHandler)
    RTC_ITConfig                             0x08002481   Thumb Code    26  stm32f10x_rtc.o(i.RTC_ITConfig)
    RTC_NVIC                                 0x080024a1   Thumb Code    42  rtc.o(i.RTC_NVIC)
    RTC_SetCounter                           0x080024cd   Thumb Code    24  stm32f10x_rtc.o(i.RTC_SetCounter)
    RTC_SetPrescaler                         0x080024e9   Thumb Code    26  stm32f10x_rtc.o(i.RTC_SetPrescaler)
    RTC_WaitForLastTask                      0x08002509   Thumb Code    16  stm32f10x_rtc.o(i.RTC_WaitForLastTask)
    RTC_WaitForSynchro                       0x0800251d   Thumb Code    30  stm32f10x_rtc.o(i.RTC_WaitForSynchro)
    Read_ADC                                 0x08002541   Thumb Code    66  adc.o(i.Read_ADC)
    SCL_Output                               0x08002591   Thumb Code    26  i2c.o(i.SCL_Output)
    SDA_Input                                0x080025b1   Thumb Code    12  i2c.o(i.SDA_Input)
    SDA_Input_Mode                           0x080025c1   Thumb Code    30  i2c.o(i.SDA_Input_Mode)
    SDA_Output                               0x080025e5   Thumb Code    26  i2c.o(i.SDA_Output)
    SDA_Output_Mode                          0x08002605   Thumb Code    30  i2c.o(i.SDA_Output_Mode)
    STM3210B_LCD_Init                        0x08002629   Thumb Code    50  lcd.o(i.STM3210B_LCD_Init)
    SysTick_Handler                          0x08002749   Thumb Code    12  stm32f10x_it.o(i.SysTick_Handler)
    SystemInit                               0x08002759   Thumb Code    78  system_stm32f10x.o(i.SystemInit)
    TIM3_IRQHandler                          0x080027b9   Thumb Code    40  tim.o(i.TIM3_IRQHandler)
    TIM_ClearFlag                            0x080027ed   Thumb Code     6  stm32f10x_tim.o(i.TIM_ClearFlag)
    TIM_Cmd                                  0x080027f3   Thumb Code    24  stm32f10x_tim.o(i.TIM_Cmd)
    TIM_CtrlPWMOutputs                       0x0800280b   Thumb Code    30  stm32f10x_tim.o(i.TIM_CtrlPWMOutputs)
    TIM_GetFlagStatus                        0x08002829   Thumb Code    18  stm32f10x_tim.o(i.TIM_GetFlagStatus)
    TIM_ITConfig                             0x0800283b   Thumb Code    18  stm32f10x_tim.o(i.TIM_ITConfig)
    TIM_NVIC                                 0x0800284d   Thumb Code    32  tim.o(i.TIM_NVIC)
    TIM_OC2Init                              0x0800286d   Thumb Code   154  stm32f10x_tim.o(i.TIM_OC2Init)
    TIM_OC3Init                              0x08002911   Thumb Code   150  stm32f10x_tim.o(i.TIM_OC3Init)
    TIM_PrescalerConfig                      0x080029b1   Thumb Code     6  stm32f10x_tim.o(i.TIM_PrescalerConfig)
    TIM_TimeBaseInit                         0x080029b9   Thumb Code   122  stm32f10x_tim.o(i.TIM_TimeBaseInit)
    USART2_IRQHandler                        0x08002a5d   Thumb Code    34  usart.o(i.USART2_IRQHandler)
    USART_ClearITPendingBit                  0x08002a85   Thumb Code    30  stm32f10x_usart.o(i.USART_ClearITPendingBit)
    USART_Cmd                                0x08002aa3   Thumb Code    24  stm32f10x_usart.o(i.USART_Cmd)
    USART_GetFlagStatus                      0x08002abb   Thumb Code    26  stm32f10x_usart.o(i.USART_GetFlagStatus)
    USART_GetITStatus                        0x08002ad5   Thumb Code    84  stm32f10x_usart.o(i.USART_GetITStatus)
    USART_ITConfig                           0x08002b29   Thumb Code    74  stm32f10x_usart.o(i.USART_ITConfig)
    USART_Init                               0x08002b75   Thumb Code   210  stm32f10x_usart.o(i.USART_Init)
    USART_NVIC                               0x08002c4d   Thumb Code    40  usart.o(i.USART_NVIC)
    USART_ReceiveData                        0x08002c75   Thumb Code    10  stm32f10x_usart.o(i.USART_ReceiveData)
    USART_SendData                           0x08002c7f   Thumb Code     8  stm32f10x_usart.o(i.USART_SendData)
    USART_SendString                         0x08002c89   Thumb Code    44  usart.o(i.USART_SendString)
    __ARM_fpclassify                         0x08002cb9   Thumb Code    40  fpclassify.o(i.__ARM_fpclassify)
    _is_digit                                0x08002ce1   Thumb Code    14  __printf_wp.o(i._is_digit)
    delay1                                   0x08002cef   Thumb Code    12  i2c.o(i.delay1)
    i2c_init                                 0x08002cfd   Thumb Code    38  i2c.o(i.i2c_init)
    main                                     0x08002d29   Thumb Code   358  main.o(i.main)
    x24c02_read                              0x08002f0d   Thumb Code    60  main.o(i.x24c02_read)
    _get_lc_numeric                          0x08002f49   Thumb Code    44  lc_numeric_c.o(locale$$code)
    __aeabi_d2f                              0x08002f75   Thumb Code     0  d2f.o(x$fpl$d2f)
    _d2f                                     0x08002f75   Thumb Code    98  d2f.o(x$fpl$d2f)
    __aeabi_ddiv                             0x08002fd9   Thumb Code     0  ddiv.o(x$fpl$ddiv)
    _ddiv                                    0x08002fd9   Thumb Code   552  ddiv.o(x$fpl$ddiv)
    __aeabi_ui2d                             0x08003289   Thumb Code     0  dflt_clz.o(x$fpl$dfltu)
    _dfltu                                   0x08003289   Thumb Code    38  dflt_clz.o(x$fpl$dfltu)
    __aeabi_dmul                             0x080032b1   Thumb Code     0  dmul.o(x$fpl$dmul)
    _dmul                                    0x080032b1   Thumb Code   332  dmul.o(x$fpl$dmul)
    __fpl_dnaninf                            0x08003405   Thumb Code   156  dnaninf.o(x$fpl$dnaninf)
    __fpl_dretinf                            0x080034a1   Thumb Code    12  dretinf.o(x$fpl$dretinf)
    __aeabi_f2d                              0x080034ad   Thumb Code     0  f2d.o(x$fpl$f2d)
    _f2d                                     0x080034ad   Thumb Code    86  f2d.o(x$fpl$f2d)
    __fpl_fnaninf                            0x08003503   Thumb Code   140  fnaninf.o(x$fpl$fnaninf)
    __fpl_fretinf                            0x0800358f   Thumb Code    10  fretinf.o(x$fpl$fretinf)
    _printf_fp_dec                           0x08003599   Thumb Code     4  printf1.o(x$fpl$printf1)
    ASCII_Table                              0x0800359c   Data        4560  lcd.o(.constdata)
    __I$use$fp                               0x0800359c   Number         0  usenofp.o(x$fpl$usenofp)
    Region$$Table$$Base                      0x08004814   Number         0  anon$$obj.o(Region$$Table)
    Region$$Table$$Limit                     0x08004834   Number         0  anon$$obj.o(Region$$Table)
    msTimer                                  0x20000000   Data           4  main.o(.data)
    LED2_Status                              0x20000004   Data           1  main.o(.data)
    Status_ADC                               0x20000005   Data           1  main.o(.data)
    Status_Usert                             0x20000006   Data           1  main.o(.data)
    dummy                                    0x2000000c   Data           2  lcd.o(.data)
    TimeDisplay                              0x20000010   Data           4  rtc.o(.data)
    GPIO_InitStructure                       0x20000014   Data           4  pwm.o(.data)
    SystemCoreClock                          0x20000018   Data           4  system_stm32f10x.o(.data)
    AHBPrescTable                            0x2000001c   Data          16  system_stm32f10x.o(.data)
    TIM_TimeBaseStructure                    0x20000040   Data          10  pwm.o(.bss)
    TIM_OCInitStructure                      0x2000004a   Data          16  pwm.o(.bss)
    __libspace_start                         0x2000005c   Data          96  libspace.o(.bss)
    __temporary_stack_top$libspace           0x200000bc   Data           0  libspace.o(.bss)



==============================================================================

Memory Map of the image

  Image Entry point : 0x080000ed

  Load Region LR_IROM1 (Base: 0x08000000, Size: 0x00004890, Max: 0x00020000, ABSOLUTE)

    Execution Region ER_IROM1 (Base: 0x08000000, Size: 0x00004850, Max: 0x00020000, ABSOLUTE)

    Base Addr    Size         Type   Attr      Idx    E Section Name        Object

    0x08000000   0x000000ec   Data   RO          775    RESET               startup_stm32f10x_md.o
    0x080000ec   0x00000008   Code   RO         2792  * !!!main             c_w.l(__main.o)
    0x080000f4   0x00000034   Code   RO         3032    !!!scatter          c_w.l(__scatter.o)
    0x08000128   0x0000001a   Code   RO         3034    !!handler_copy      c_w.l(__scatter_copy.o)
    0x08000142   0x00000002   PAD
    0x08000144   0x0000001c   Code   RO         3036    !!handler_zi        c_w.l(__scatter_zi.o)
    0x08000160   0x00000000   Code   RO         2789    .ARM.Collect$$_printf_percent$$00000000  c_w.l(_printf_percent.o)
    0x08000160   0x00000006   Code   RO         2788    .ARM.Collect$$_printf_percent$$00000003  c_w.l(_printf_f.o)
    0x08000166   0x00000006   Code   RO         2787    .ARM.Collect$$_printf_percent$$00000009  c_w.l(_printf_d.o)
    0x0800016c   0x00000006   Code   RO         2786    .ARM.Collect$$_printf_percent$$00000014  c_w.l(_printf_s.o)
    0x08000172   0x00000004   Code   RO         2823    .ARM.Collect$$_printf_percent$$00000017  c_w.l(_printf_percent_end.o)
    0x08000176   0x00000002   Code   RO         2905    .ARM.Collect$$libinit$$00000000  c_w.l(libinit.o)
    0x08000178   0x00000000   Code   RO         2907    .ARM.Collect$$libinit$$00000002  c_w.l(libinit2.o)
    0x08000178   0x00000000   Code   RO         2909    .ARM.Collect$$libinit$$00000004  c_w.l(libinit2.o)
    0x08000178   0x00000000   Code   RO         2912    .ARM.Collect$$libinit$$0000000A  c_w.l(libinit2.o)
    0x08000178   0x00000000   Code   RO         2914    .ARM.Collect$$libinit$$0000000C  c_w.l(libinit2.o)
    0x08000178   0x00000000   Code   RO         2916    .ARM.Collect$$libinit$$0000000E  c_w.l(libinit2.o)
    0x08000178   0x00000006   Code   RO         2917    .ARM.Collect$$libinit$$0000000F  c_w.l(libinit2.o)
    0x0800017e   0x00000000   Code   RO         2919    .ARM.Collect$$libinit$$00000011  c_w.l(libinit2.o)
    0x0800017e   0x00000000   Code   RO         2921    .ARM.Collect$$libinit$$00000013  c_w.l(libinit2.o)
    0x0800017e   0x00000000   Code   RO         2923    .ARM.Collect$$libinit$$00000015  c_w.l(libinit2.o)
    0x0800017e   0x0000000a   Code   RO         2924    .ARM.Collect$$libinit$$00000016  c_w.l(libinit2.o)
    0x08000188   0x00000000   Code   RO         2925    .ARM.Collect$$libinit$$00000017  c_w.l(libinit2.o)
    0x08000188   0x00000000   Code   RO         2927    .ARM.Collect$$libinit$$00000019  c_w.l(libinit2.o)
    0x08000188   0x00000000   Code   RO         2929    .ARM.Collect$$libinit$$0000001B  c_w.l(libinit2.o)
    0x08000188   0x00000000   Code   RO         2931    .ARM.Collect$$libinit$$0000001D  c_w.l(libinit2.o)
    0x08000188   0x00000000   Code   RO         2933    .ARM.Collect$$libinit$$0000001F  c_w.l(libinit2.o)
    0x08000188   0x00000000   Code   RO         2935    .ARM.Collect$$libinit$$00000021  c_w.l(libinit2.o)
    0x08000188   0x00000000   Code   RO         2937    .ARM.Collect$$libinit$$00000023  c_w.l(libinit2.o)
    0x08000188   0x00000000   Code   RO         2939    .ARM.Collect$$libinit$$00000025  c_w.l(libinit2.o)
    0x08000188   0x00000000   Code   RO         2943    .ARM.Collect$$libinit$$0000002C  c_w.l(libinit2.o)
    0x08000188   0x00000000   Code   RO         2945    .ARM.Collect$$libinit$$0000002E  c_w.l(libinit2.o)
    0x08000188   0x00000000   Code   RO         2947    .ARM.Collect$$libinit$$00000030  c_w.l(libinit2.o)
    0x08000188   0x00000000   Code   RO         2949    .ARM.Collect$$libinit$$00000032  c_w.l(libinit2.o)
    0x08000188   0x00000002   Code   RO         2950    .ARM.Collect$$libinit$$00000033  c_w.l(libinit2.o)
    0x0800018a   0x00000002   Code   RO         2980    .ARM.Collect$$libshutdown$$00000000  c_w.l(libshutdown.o)
    0x0800018c   0x00000000   Code   RO         2991    .ARM.Collect$$libshutdown$$00000002  c_w.l(libshutdown2.o)
    0x0800018c   0x00000000   Code   RO         2993    .ARM.Collect$$libshutdown$$00000004  c_w.l(libshutdown2.o)
    0x0800018c   0x00000000   Code   RO         2996    .ARM.Collect$$libshutdown$$00000007  c_w.l(libshutdown2.o)
    0x0800018c   0x00000000   Code   RO         2999    .ARM.Collect$$libshutdown$$0000000A  c_w.l(libshutdown2.o)
    0x0800018c   0x00000000   Code   RO         3001    .ARM.Collect$$libshutdown$$0000000C  c_w.l(libshutdown2.o)
    0x0800018c   0x00000000   Code   RO         3004    .ARM.Collect$$libshutdown$$0000000F  c_w.l(libshutdown2.o)
    0x0800018c   0x00000002   Code   RO         3005    .ARM.Collect$$libshutdown$$00000010  c_w.l(libshutdown2.o)
    0x0800018e   0x00000000   Code   RO         2812    .ARM.Collect$$rtentry$$00000000  c_w.l(__rtentry.o)
    0x0800018e   0x00000000   Code   RO         2834    .ARM.Collect$$rtentry$$00000002  c_w.l(__rtentry2.o)
    0x0800018e   0x00000006   Code   RO         2846    .ARM.Collect$$rtentry$$00000004  c_w.l(__rtentry4.o)
    0x08000194   0x00000000   Code   RO         2836    .ARM.Collect$$rtentry$$00000009  c_w.l(__rtentry2.o)
    0x08000194   0x00000004   Code   RO         2837    .ARM.Collect$$rtentry$$0000000A  c_w.l(__rtentry2.o)
    0x08000198   0x00000000   Code   RO         2839    .ARM.Collect$$rtentry$$0000000C  c_w.l(__rtentry2.o)
    0x08000198   0x00000008   Code   RO         2840    .ARM.Collect$$rtentry$$0000000D  c_w.l(__rtentry2.o)
    0x080001a0   0x00000002   Code   RO         2951    .ARM.Collect$$rtexit$$00000000  c_w.l(rtexit.o)
    0x080001a2   0x00000000   Code   RO         2958    .ARM.Collect$$rtexit$$00000002  c_w.l(rtexit2.o)
    0x080001a2   0x00000004   Code   RO         2959    .ARM.Collect$$rtexit$$00000003  c_w.l(rtexit2.o)
    0x080001a6   0x00000006   Code   RO         2960    .ARM.Collect$$rtexit$$00000004  c_w.l(rtexit2.o)
    0x080001ac   0x00000040   Code   RO          776    .text               startup_stm32f10x_md.o
    0x080001ec   0x00000028   Code   RO         2756    .text               c_w.l(noretval__2sprintf.o)
    0x08000214   0x0000004e   Code   RO         2760    .text               c_w.l(_printf_pad.o)
    0x08000262   0x00000052   Code   RO         2762    .text               c_w.l(_printf_str.o)
    0x080002b4   0x00000078   Code   RO         2764    .text               c_w.l(_printf_dec.o)
    0x0800032c   0x00000138   Code   RO         2778    .text               c_w.l(__printf_flags_wp.o)
    0x08000464   0x00000006   Code   RO         2790    .text               c_w.l(heapauxi.o)
    0x0800046a   0x000000b2   Code   RO         2813    .text               c_w.l(_printf_intcommon.o)
    0x0800051c   0x0000041a   Code   RO         2815    .text               c_w.l(_printf_fp_dec.o)
    0x08000936   0x00000002   PAD
    0x08000938   0x00000030   Code   RO         2817    .text               c_w.l(_printf_char_common.o)
    0x08000968   0x0000000a   Code   RO         2819    .text               c_w.l(_sputc.o)
    0x08000972   0x0000002c   Code   RO         2821    .text               c_w.l(_printf_char.o)
    0x0800099e   0x00000002   PAD
    0x080009a0   0x00000008   Code   RO         2851    .text               c_w.l(rt_locale_intlibspace.o)
    0x080009a8   0x0000008a   Code   RO         2853    .text               c_w.l(lludiv10.o)
    0x08000a32   0x00000002   PAD
    0x08000a34   0x00000080   Code   RO         2855    .text               c_w.l(_printf_fp_infnan.o)
    0x08000ab4   0x000000dc   Code   RO         2859    .text               c_w.l(bigflt0.o)
    0x08000b90   0x00000008   Code   RO         2891    .text               c_w.l(libspace.o)
    0x08000b98   0x0000004a   Code   RO         2894    .text               c_w.l(sys_stackheap_outer.o)
    0x08000be2   0x00000012   Code   RO         2896    .text               c_w.l(exit.o)
    0x08000bf4   0x00000080   Code   RO         2898    .text               c_w.l(strcmpv7m.o)
    0x08000c74   0x0000000c   Code   RO         2970    .text               c_w.l(sys_exit.o)
    0x08000c80   0x00000002   Code   RO         2981    .text               c_w.l(use_no_semi.o)
    0x08000c82   0x00000000   Code   RO         2983    .text               c_w.l(indicate_semi.o)
    0x08000c82   0x0000003e   Code   RO         2862    CL$$btod_d2e        c_w.l(btod.o)
    0x08000cc0   0x00000046   Code   RO         2864    CL$$btod_d2e_denorm_low  c_w.l(btod.o)
    0x08000d06   0x00000060   Code   RO         2863    CL$$btod_d2e_norm_op1  c_w.l(btod.o)
    0x08000d66   0x00000338   Code   RO         2872    CL$$btod_div_common  c_w.l(btod.o)
    0x0800109e   0x000000c6   Code   RO         2869    CL$$btod_e2e        c_w.l(btod.o)
    0x08001164   0x00000028   Code   RO         2866    CL$$btod_ediv       c_w.l(btod.o)
    0x0800118c   0x00000028   Code   RO         2865    CL$$btod_emul       c_w.l(btod.o)
    0x080011b4   0x00000244   Code   RO         2871    CL$$btod_mult_common  c_w.l(btod.o)
    0x080013f8   0x00000016   Code   RO          822    i.ADC_Cmd           stm32f10x_adc.o
    0x0800140e   0x00000014   Code   RO          830    i.ADC_GetCalibrationStatus  stm32f10x_adc.o
    0x08001422   0x00000008   Code   RO          831    i.ADC_GetConversionValue  stm32f10x_adc.o
    0x0800142a   0x00000014   Code   RO          836    i.ADC_GetResetCalibrationStatus  stm32f10x_adc.o
    0x0800143e   0x00000002   PAD
    0x08001440   0x00000050   Code   RO          840    i.ADC_Init          stm32f10x_adc.o
    0x08001490   0x000000b8   Code   RO          844    i.ADC_RegularChannelConfig  stm32f10x_adc.o
    0x08001548   0x0000000a   Code   RO          845    i.ADC_ResetCalibration  stm32f10x_adc.o
    0x08001552   0x00000016   Code   RO          847    i.ADC_SoftwareStartConvCmd  stm32f10x_adc.o
    0x08001568   0x0000000a   Code   RO          849    i.ADC_StartCalibration  stm32f10x_adc.o
    0x08001572   0x00000010   Code   RO         2676    i.BKP_DeInit        stm32f10x_bkp.o
    0x08001582   0x0000001e   Code   RO          343    i.Delay_LCD         lcd.o
    0x080015a0   0x00000014   Code   RO            1    i.Delay_ms          main.o
    0x080015b4   0x00000116   Code   RO         1098    i.GPIO_Init         stm32f10x_gpio.o
    0x080016ca   0x00000012   Code   RO         1102    i.GPIO_ReadInputDataBit  stm32f10x_gpio.o
    0x080016dc   0x00000004   Code   RO         1105    i.GPIO_ResetBits    stm32f10x_gpio.o
    0x080016e0   0x00000004   Code   RO         1106    i.GPIO_SetBits      stm32f10x_gpio.o
    0x080016e4   0x00000058   Code   RO          253    i.I2CReceiveByte    i2c.o
    0x0800173c   0x00000058   Code   RO          255    i.I2CSendByte       i2c.o
    0x08001794   0x0000003c   Code   RO          257    i.I2CStart          i2c.o
    0x080017d0   0x0000003c   Code   RO          258    i.I2CStop           i2c.o
    0x0800180c   0x00000058   Code   RO          259    i.I2CWaitAck        i2c.o
    0x08001864   0x00000090   Code   RO          620    i.Init_Adc          adc.o
    0x080018f4   0x00000048   Code   RO          566    i.Init_KEY          key.o
    0x0800193c   0x00000048   Code   RO          545    i.Init_Led          led.o
    0x08001984   0x00000038   Code   RO          671    i.Init_PWM          pwm.o
    0x080019bc   0x00000068   Code   RO          641    i.Init_RTC          rtc.o
    0x08001a24   0x00000050   Code   RO          696    i.Init_TIM          tim.o
    0x08001a74   0x0000008c   Code   RO          587    i.Init_Usart        usart.o
    0x08001b00   0x00000024   Code   RO          344    i.LCD_BusIn         lcd.o
    0x08001b24   0x00000024   Code   RO          345    i.LCD_BusOut        lcd.o
    0x08001b48   0x00000026   Code   RO          346    i.LCD_Clear         lcd.o
    0x08001b6e   0x00000002   PAD
    0x08001b70   0x00000048   Code   RO          348    i.LCD_CtrlLinesConfig  lcd.o
    0x08001bb8   0x00000028   Code   RO          349    i.LCD_DisplayChar   lcd.o
    0x08001be0   0x0000002c   Code   RO          352    i.LCD_DisplayStringLine  lcd.o
    0x08001c0c   0x0000006c   Code   RO          353    i.LCD_DrawChar      lcd.o
    0x08001c78   0x0000005c   Code   RO          361    i.LCD_ReadReg       lcd.o
    0x08001cd4   0x00000010   Code   RO          362    i.LCD_SetBackColor  lcd.o
    0x08001ce4   0x00000018   Code   RO          363    i.LCD_SetCursor     lcd.o
    0x08001cfc   0x00000010   Code   RO          365    i.LCD_SetTextColor  lcd.o
    0x08001d0c   0x00000034   Code   RO          368    i.LCD_WriteRAM      lcd.o
    0x08001d40   0x00000034   Code   RO          369    i.LCD_WriteRAM_Prepare  lcd.o
    0x08001d74   0x00000040   Code   RO          370    i.LCD_WriteReg      lcd.o
    0x08001db4   0x00000044   Code   RO          546    i.LED_Control       led.o
    0x08001df8   0x00000070   Code   RO          780    i.NVIC_Init         misc.o
    0x08001e68   0x00000014   Code   RO          781    i.NVIC_PriorityGroupConfig  misc.o
    0x08001e7c   0x000000a8   Code   RO          672    i.PWM_Ctrl          pwm.o
    0x08001f24   0x0000000c   Code   RO         2614    i.PWR_BackupAccessCmd  stm32f10x_pwr.o
    0x08001f30   0x00000020   Code   RO         1412    i.RCC_APB1PeriphClockCmd  stm32f10x_rcc.o
    0x08001f50   0x00000020   Code   RO         1414    i.RCC_APB2PeriphClockCmd  stm32f10x_rcc.o
    0x08001f70   0x0000000c   Code   RO         1417    i.RCC_BackupResetCmd  stm32f10x_rcc.o
    0x08001f7c   0x000000d4   Code   RO         1422    i.RCC_GetClocksFreq  stm32f10x_rcc.o
    0x08002050   0x0000003c   Code   RO         1423    i.RCC_GetFlagStatus  stm32f10x_rcc.o
    0x0800208c   0x0000000c   Code   RO         1431    i.RCC_LSICmd        stm32f10x_rcc.o
    0x08002098   0x0000000c   Code   RO         1437    i.RCC_RTCCLKCmd     stm32f10x_rcc.o
    0x080020a4   0x00000010   Code   RO         1438    i.RCC_RTCCLKConfig  stm32f10x_rcc.o
    0x080020b4   0x00000120   Code   RO          371    i.REG_8230_Init     lcd.o
    0x080021d4   0x00000202   Code   RO          372    i.REG_932X_Init     lcd.o
    0x080023d6   0x00000002   PAD
    0x080023d8   0x00000010   Code   RO         1611    i.RTC_ClearITPendingBit  stm32f10x_rtc.o
    0x080023e8   0x00000014   Code   RO         1612    i.RTC_EnterConfigMode  stm32f10x_rtc.o
    0x080023fc   0x00000014   Code   RO         1613    i.RTC_ExitConfigMode  stm32f10x_rtc.o
    0x08002410   0x00000014   Code   RO         1614    i.RTC_GetCounter    stm32f10x_rtc.o
    0x08002424   0x00000024   Code   RO         1617    i.RTC_GetITStatus   stm32f10x_rtc.o
    0x08002448   0x00000038   Code   RO          642    i.RTC_IRQHandler    rtc.o
    0x08002480   0x00000020   Code   RO         1618    i.RTC_ITConfig      stm32f10x_rtc.o
    0x080024a0   0x0000002a   Code   RO          643    i.RTC_NVIC          rtc.o
    0x080024ca   0x00000002   PAD
    0x080024cc   0x0000001c   Code   RO         1620    i.RTC_SetCounter    stm32f10x_rtc.o
    0x080024e8   0x00000020   Code   RO         1621    i.RTC_SetPrescaler  stm32f10x_rtc.o
    0x08002508   0x00000014   Code   RO         1622    i.RTC_WaitForLastTask  stm32f10x_rtc.o
    0x0800251c   0x00000024   Code   RO         1623    i.RTC_WaitForSynchro  stm32f10x_rtc.o
    0x08002540   0x00000050   Code   RO          621    i.Read_ADC          adc.o
    0x08002590   0x00000020   Code   RO          260    i.SCL_Output        i2c.o
    0x080025b0   0x00000010   Code   RO          261    i.SDA_Input         i2c.o
    0x080025c0   0x00000024   Code   RO          262    i.SDA_Input_Mode    i2c.o
    0x080025e4   0x00000020   Code   RO          263    i.SDA_Output        i2c.o
    0x08002604   0x00000024   Code   RO          264    i.SDA_Output_Mode   i2c.o
    0x08002628   0x00000038   Code   RO          373    i.STM3210B_LCD_Init  lcd.o
    0x08002660   0x00000008   Code   RO          739    i.SetSysClock       system_stm32f10x.o
    0x08002668   0x000000e0   Code   RO          740    i.SetSysClockTo72   system_stm32f10x.o
    0x08002748   0x00000010   Code   RO          154    i.SysTick_Handler   stm32f10x_it.o
    0x08002758   0x00000060   Code   RO          742    i.SystemInit        system_stm32f10x.o
    0x080027b8   0x00000034   Code   RO          697    i.TIM3_IRQHandler   tim.o
    0x080027ec   0x00000006   Code   RO         1896    i.TIM_ClearFlag     stm32f10x_tim.o
    0x080027f2   0x00000018   Code   RO         1902    i.TIM_Cmd           stm32f10x_tim.o
    0x0800280a   0x0000001e   Code   RO         1904    i.TIM_CtrlPWMOutputs  stm32f10x_tim.o
    0x08002828   0x00000012   Code   RO         1922    i.TIM_GetFlagStatus  stm32f10x_tim.o
    0x0800283a   0x00000012   Code   RO         1927    i.TIM_ITConfig      stm32f10x_tim.o
    0x0800284c   0x00000020   Code   RO          698    i.TIM_NVIC          tim.o
    0x0800286c   0x000000a4   Code   RO         1936    i.TIM_OC2Init       stm32f10x_tim.o
    0x08002910   0x000000a0   Code   RO         1941    i.TIM_OC3Init       stm32f10x_tim.o
    0x080029b0   0x00000006   Code   RO         1951    i.TIM_PrescalerConfig  stm32f10x_tim.o
    0x080029b6   0x00000002   PAD
    0x080029b8   0x000000a4   Code   RO         1973    i.TIM_TimeBaseInit  stm32f10x_tim.o
    0x08002a5c   0x00000028   Code   RO          588    i.USART2_IRQHandler  usart.o
    0x08002a84   0x0000001e   Code   RO         2435    i.USART_ClearITPendingBit  stm32f10x_usart.o
    0x08002aa2   0x00000018   Code   RO         2438    i.USART_Cmd         stm32f10x_usart.o
    0x08002aba   0x0000001a   Code   RO         2441    i.USART_GetFlagStatus  stm32f10x_usart.o
    0x08002ad4   0x00000054   Code   RO         2442    i.USART_GetITStatus  stm32f10x_usart.o
    0x08002b28   0x0000004a   Code   RO         2444    i.USART_ITConfig    stm32f10x_usart.o
    0x08002b72   0x00000002   PAD
    0x08002b74   0x000000d8   Code   RO         2445    i.USART_Init        stm32f10x_usart.o
    0x08002c4c   0x00000028   Code   RO          589    i.USART_NVIC        usart.o
    0x08002c74   0x0000000a   Code   RO         2452    i.USART_ReceiveData  stm32f10x_usart.o
    0x08002c7e   0x00000008   Code   RO         2455    i.USART_SendData    stm32f10x_usart.o
    0x08002c86   0x00000002   PAD
    0x08002c88   0x00000030   Code   RO          590    i.USART_SendString  usart.o
    0x08002cb8   0x00000028   Code   RO         2889    i.__ARM_fpclassify  m_ws.l(fpclassify.o)
    0x08002ce0   0x0000000e   Code   RO         2776    i._is_digit         c_w.l(__printf_wp.o)
    0x08002cee   0x0000000c   Code   RO          265    i.delay1            i2c.o
    0x08002cfa   0x00000002   PAD
    0x08002cfc   0x0000002c   Code   RO          266    i.i2c_init          i2c.o
    0x08002d28   0x000001e4   Code   RO            2    i.main              main.o
    0x08002f0c   0x0000003c   Code   RO            3    i.x24c02_read       main.o
    0x08002f48   0x0000002c   Code   RO         2885    locale$$code        c_w.l(lc_numeric_c.o)
    0x08002f74   0x00000062   Code   RO         2794    x$fpl$d2f           fz_ws.l(d2f.o)
    0x08002fd6   0x00000002   PAD
    0x08002fd8   0x000002b0   Code   RO         2797    x$fpl$ddiv          fz_ws.l(ddiv.o)
    0x08003288   0x00000026   Code   RO         2800    x$fpl$dfltu         fz_ws.l(dflt_clz.o)
    0x080032ae   0x00000002   PAD
    0x080032b0   0x00000154   Code   RO         2806    x$fpl$dmul          fz_ws.l(dmul.o)
    0x08003404   0x0000009c   Code   RO         2824    x$fpl$dnaninf       fz_ws.l(dnaninf.o)
    0x080034a0   0x0000000c   Code   RO         2826    x$fpl$dretinf       fz_ws.l(dretinf.o)
    0x080034ac   0x00000056   Code   RO         2808    x$fpl$f2d           fz_ws.l(f2d.o)
    0x08003502   0x0000008c   Code   RO         2828    x$fpl$fnaninf       fz_ws.l(fnaninf.o)
    0x0800358e   0x0000000a   Code   RO         2830    x$fpl$fretinf       fz_ws.l(fretinf.o)
    0x08003598   0x00000004   Code   RO         2810    x$fpl$printf1       fz_ws.l(printf1.o)
    0x0800359c   0x00000000   Code   RO         2832    x$fpl$usenofp       fz_ws.l(usenofp.o)
    0x0800359c   0x000011d0   Data   RO          374    .constdata          lcd.o
    0x0800476c   0x00000011   Data   RO         2779    .constdata          c_w.l(__printf_flags_wp.o)
    0x0800477d   0x00000003   PAD
    0x08004780   0x00000094   Data   RO         2860    .constdata          c_w.l(bigflt0.o)
    0x08004814   0x00000020   Data   RO         3030    Region$$Table       anon$$obj.o
    0x08004834   0x0000001c   Data   RO         2884    locale$$data        c_w.l(lc_numeric_c.o)


    Execution Region RW_IRAM1 (Base: 0x20000000, Size: 0x000006c0, Max: 0x00005000, ABSOLUTE)

    Base Addr    Size         Type   Attr      Idx    E Section Name        Object

    0x20000000   0x00000007   Data   RW            5    .data               main.o
    0x20000007   0x00000001   PAD
    0x20000008   0x00000006   Data   RW          375    .data               lcd.o
    0x2000000e   0x00000002   PAD
    0x20000010   0x00000004   Data   RW          644    .data               rtc.o
    0x20000014   0x00000004   Data   RW          674    .data               pwm.o
    0x20000018   0x00000014   Data   RW          743    .data               system_stm32f10x.o
    0x2000002c   0x00000014   Data   RW         1442    .data               stm32f10x_rcc.o
    0x20000040   0x0000001a   Zero   RW          673    .bss                pwm.o
    0x2000005a   0x00000002   PAD
    0x2000005c   0x00000060   Zero   RW         2892    .bss                c_w.l(libspace.o)
    0x200000bc   0x00000004   PAD
    0x200000c0   0x00000200   Zero   RW          774    HEAP                startup_stm32f10x_md.o
    0x200002c0   0x00000400   Zero   RW          773    STACK               startup_stm32f10x_md.o


==============================================================================

Image component sizes


      Code (inc. data)   RO Data    RW Data    ZI Data      Debug   Object Name

       224         22          0          0          0       1106   adc.o
         0          0          0          0          0         32   core_cm3.o
       592         34          0          0          0       6030   i2c.o
        72         10          0          0          0        483   key.o
      1578         76       4560          6          0      10565   lcd.o
       140         18          0          0          0       1049   led.o
       564        130          0          7          0     245577   main.o
       132         22          0          0          0       1475   misc.o
       224         22          0          4         26       1521   pwm.o
       202          8          0          4          0       1693   rtc.o
        64         26        236          0       1536        804   startup_stm32f10x_md.o
       376         10          0          0          0       7245   stm32f10x_adc.o
        16          0          0          0          0        465   stm32f10x_bkp.o
       304          0          0          0          0       3560   stm32f10x_gpio.o
        16          4          0          0          0     256286   stm32f10x_it.o
        12          6          0          0          0        494   stm32f10x_pwr.o
       388         58          0         20          0       6971   stm32f10x_rcc.o
       260         48          0          0          0       5000   stm32f10x_rtc.o
       590         62          0          0          0       5863   stm32f10x_tim.o
       472          6          0          0          0       6639   stm32f10x_usart.o
       328         28          0         20          0       2177   system_stm32f10x.o
       164         18          0          0          0       1444   tim.o
       268         18          0          0          0       2433   usart.o

    ----------------------------------------------------------------------
      7002        626       4828         64       1564     568912   Object Totals
         0          0         32          0          0          0   (incl. Generated)
        16          0          0          3          2          0   (incl. Padding)

    ----------------------------------------------------------------------

      Code (inc. data)   RO Data    RW Data    ZI Data      Debug   Library Member Name

         8          0          0          0          0         68   __main.o
       312          4         17          0          0         92   __printf_flags_wp.o
        14          0          0          0          0         68   __printf_wp.o
         0          0          0          0          0          0   __rtentry.o
        12          0          0          0          0          0   __rtentry2.o
         6          0          0          0          0          0   __rtentry4.o
        52          8          0          0          0          0   __scatter.o
        26          0          0          0          0          0   __scatter_copy.o
        28          0          0          0          0          0   __scatter_zi.o
        44          0          0          0          0        108   _printf_char.o
        48          6          0          0          0         96   _printf_char_common.o
         6          0          0          0          0          0   _printf_d.o
       120         16          0          0          0         92   _printf_dec.o
         6          0          0          0          0          0   _printf_f.o
      1050          0          0          0          0        216   _printf_fp_dec.o
       128         16          0          0          0         84   _printf_fp_infnan.o
       178          0          0          0          0         88   _printf_intcommon.o
        78          0          0          0          0        108   _printf_pad.o
         0          0          0          0          0          0   _printf_percent.o
         4          0          0          0          0          0   _printf_percent_end.o
         6          0          0          0          0          0   _printf_s.o
        82          0          0          0          0         80   _printf_str.o
        10          0          0          0          0         68   _sputc.o
       220          4        148          0          0         96   bigflt0.o
      1910        128          0          0          0        672   btod.o
        18          0          0          0          0         80   exit.o
         6          0          0          0          0        152   heapauxi.o
         0          0          0          0          0          0   indicate_semi.o
        44         10         28          0          0         76   lc_numeric_c.o
         2          0          0          0          0          0   libinit.o
        18          0          0          0          0          0   libinit2.o
         2          0          0          0          0          0   libshutdown.o
         2          0          0          0          0          0   libshutdown2.o
         8          4          0          0         96         68   libspace.o
       138          0          0          0          0         80   lludiv10.o
        40          6          0          0          0         84   noretval__2sprintf.o
         8          4          0          0          0         68   rt_locale_intlibspace.o
         2          0          0          0          0          0   rtexit.o
        10          0          0          0          0          0   rtexit2.o
       128          0          0          0          0         68   strcmpv7m.o
        12          4          0          0          0         68   sys_exit.o
        74          0          0          0          0         80   sys_stackheap_outer.o
         2          0          0          0          0         68   use_no_semi.o
        98          4          0          0          0         92   d2f.o
       688        140          0          0          0        208   ddiv.o
        38          0          0          0          0         68   dflt_clz.o
       340         12          0          0          0        104   dmul.o
       156          4          0          0          0         92   dnaninf.o
        12          0          0          0          0         68   dretinf.o
        86          4          0          0          0         84   f2d.o
       140          4          0          0          0         84   fnaninf.o
        10          0          0          0          0         68   fretinf.o
         4          0          0          0          0         68   printf1.o
         0          0          0          0          0          0   usenofp.o
        40          0          0          0          0         68   fpclassify.o

    ----------------------------------------------------------------------
      6486        378        196          0        100       3832   Library Totals
        12          0          3          0          4          0   (incl. Padding)

    ----------------------------------------------------------------------

      Code (inc. data)   RO Data    RW Data    ZI Data      Debug   Library Name

      4862        210        193          0         96       2828   c_w.l
      1572        168          0          0          0        936   fz_ws.l
        40          0          0          0          0         68   m_ws.l

    ----------------------------------------------------------------------
      6486        378        196          0        100       3832   Library Totals

    ----------------------------------------------------------------------

==============================================================================


      Code (inc. data)   RO Data    RW Data    ZI Data      Debug   

     13488       1004       5024         64       1664     565408   Grand Totals
     13488       1004       5024         64       1664     565408   ELF Image Totals
     13488       1004       5024         64          0          0   ROM Totals

==============================================================================

    Total RO  Size (Code + RO Data)                18512 (  18.08kB)
    Total RW  Size (RW Data + ZI Data)              1728 (   1.69kB)
    Total ROM Size (Code + RO Data + RW Data)      18576 (  18.14kB)

==============================================================================

